[    0.000000] Initializing cgroup subsys cpuset
[    0.000000] Initializing cgroup subsys cpu
[    0.000000] Initializing cgroup subsys cpuacct
[    0.000000] Linux version 4.4.0-143-generic (buildd@lgw01-amd64-041) (gcc version 5.4.0 20160609 (Ubuntu 5.4.0-6ubuntu1~16.04.10) ) #169-Ubuntu SMP Thu Feb 7 07:56:38 UTC 2019 (Ubuntu 4.4.0-143.169-generic 4.4.170)
[    0.000000] Command line: BOOT_IMAGE=/boot/vmlinuz-4.4.0-143-generic root=LABEL=cloudimg-rootfs ro console=tty1 console=ttyS0
[    0.000000] KERNEL supported cpus:
[    0.000000]   Intel GenuineIntel
[    0.000000]   AMD AuthenticAMD
[    0.000000]   Centaur CentaurHauls
[    0.000000] x86/fpu: xstate_offset[2]:  576, xstate_sizes[2]:  256
[    0.000000] x86/fpu: Supporting XSAVE feature 0x01: 'x87 floating point registers'
[    0.000000] x86/fpu: Supporting XSAVE feature 0x02: 'SSE registers'
[    0.000000] x86/fpu: Supporting XSAVE feature 0x04: 'AVX registers'
[    0.000000] x86/fpu: Enabled xstate features 0x7, context size is 832 bytes, using 'standard' format.
[    0.000000] e820: BIOS-provided physical RAM map:
[    0.000000] BIOS-e820: [mem 0x0000000000000000-0x000000000009fbff] usable
[    0.000000] BIOS-e820: [mem 0x000000000009fc00-0x000000000009ffff] reserved
[    0.000000] BIOS-e820: [mem 0x00000000000f0000-0x00000000000fffff] reserved
[    0.000000] BIOS-e820: [mem 0x0000000000100000-0x000000003ffeffff] usable
[    0.000000] BIOS-e820: [mem 0x000000003fff0000-0x000000003fffffff] ACPI data
[    0.000000] BIOS-e820: [mem 0x00000000fec00000-0x00000000fec00fff] reserved
[    0.000000] BIOS-e820: [mem 0x00000000fee00000-0x00000000fee00fff] reserved
[    0.000000] BIOS-e820: [mem 0x00000000fffc0000-0x00000000ffffffff] reserved
[    0.000000] NX (Execute Disable) protection: active
[    0.000000] SMBIOS 2.5 present.
[    0.000000] Hypervisor detected: KVM
[    0.000000] e820: last_pfn = 0x3fff0 max_arch_pfn = 0x400000000
[    0.000000] MTRR: Disabled
[    0.000000] x86/PAT: MTRRs disabled, skipping PAT initialization too.
[    0.000000] CPU MTRRs all blank - virtualized system.
[    0.000000] x86/PAT: Configuration [0-7]: WB  WT  UC- UC  WB  WT  UC- UC  
[    0.000000] found SMP MP-table at [mem 0x0009fff0-0x0009ffff] mapped at [ffff88000009fff0]
[    0.000000] Scanning 1 areas for low memory corruption
[    0.000000] RAMDISK: [mem 0x362fa000-0x37174fff]
[    0.000000] ACPI: Early table checksum verification disabled
[    0.000000] ACPI: RSDP 0x00000000000E0000 000024 (v02 VBOX  )
[    0.000000] ACPI: XSDT 0x000000003FFF0030 00003C (v01 VBOX   VBOXXSDT 00000001 ASL  00000061)
[    0.000000] ACPI: FACP 0x000000003FFF00F0 0000F4 (v04 VBOX   VBOXFACP 00000001 ASL  00000061)
[    0.000000] ACPI: DSDT 0x000000003FFF0470 0022EA (v02 VBOX   VBOXBIOS 00000002 INTL 20180105)
[    0.000000] ACPI: FACS 0x000000003FFF0200 000040
[    0.000000] ACPI: FACS 0x000000003FFF0200 000040
[    0.000000] ACPI: APIC 0x000000003FFF0240 00005C (v02 VBOX   VBOXAPIC 00000001 ASL  00000061)
[    0.000000] ACPI: SSDT 0x000000003FFF02A0 0001CC (v01 VBOX   VBOXCPUT 00000002 INTL 20180105)
[    0.000000] No NUMA configuration found
[    0.000000] Faking a node at [mem 0x0000000000000000-0x000000003ffeffff]
[    0.000000] NODE_DATA(0) allocated [mem 0x3ffeb000-0x3ffeffff]
[    0.000000] kvm-clock: Using msrs 4b564d01 and 4b564d00
[    0.000000] kvm-clock: cpu 0, msr 0:3ffe3001, primary cpu clock
[    0.000000] kvm-clock: using sched offset of 3106114964 cycles
[    0.000000] clocksource: kvm-clock: mask: 0xffffffffffffffff max_cycles: 0x1cd42e4dffb, max_idle_ns: 881590591483 ns
[    0.000000] Zone ranges:
[    0.000000]   DMA      [mem 0x0000000000001000-0x0000000000ffffff]
[    0.000000]   DMA32    [mem 0x0000000001000000-0x000000003ffeffff]
[    0.000000]   Normal   empty
[    0.000000]   Device   empty
[    0.000000] Movable zone start for each node
[    0.000000] Early memory node ranges
[    0.000000]   node   0: [mem 0x0000000000001000-0x000000000009efff]
[    0.000000]   node   0: [mem 0x0000000000100000-0x000000003ffeffff]
[    0.000000] Initmem setup node 0 [mem 0x0000000000001000-0x000000003ffeffff]
[    0.000000] ACPI: PM-Timer IO Port: 0x4008
[    0.000000] IOAPIC[0]: apic_id 2, version 32, address 0xfec00000, GSI 0-23
[    0.000000] ACPI: INT_SRC_OVR (bus 0 bus_irq 0 global_irq 2 dfl dfl)
[    0.000000] ACPI: INT_SRC_OVR (bus 0 bus_irq 9 global_irq 9 low level)
[    0.000000] Using ACPI (MADT) for SMP configuration information
[    0.000000] smpboot: Allowing 2 CPUs, 0 hotplug CPUs
[    0.000000] PM: Registered nosave memory: [mem 0x00000000-0x00000fff]
[    0.000000] PM: Registered nosave memory: [mem 0x0009f000-0x0009ffff]
[    0.000000] PM: Registered nosave memory: [mem 0x000a0000-0x000effff]
[    0.000000] PM: Registered nosave memory: [mem 0x000f0000-0x000fffff]
[    0.000000] e820: [mem 0x40000000-0xfebfffff] available for PCI devices
[    0.000000] Booting paravirtualized kernel on KVM
[    0.000000] clocksource: refined-jiffies: mask: 0xffffffff max_cycles: 0xffffffff, max_idle_ns: 7645519600211568 ns
[    0.000000] setup_percpu: NR_CPUS:512 nr_cpumask_bits:512 nr_cpu_ids:2 nr_node_ids:1
[    0.000000] PERCPU: Embedded 34 pages/cpu @ffff88003fc00000 s99480 r8192 d31592 u1048576
[    0.000000] Built 1 zonelists in Node order, mobility grouping on.  Total pages: 257912
[    0.000000] Policy zone: DMA32
[    0.000000] Kernel command line: BOOT_IMAGE=/boot/vmlinuz-4.4.0-143-generic root=LABEL=cloudimg-rootfs ro console=tty1 console=ttyS0
[    0.000000] PID hash table entries: 4096 (order: 3, 32768 bytes)
[    0.000000] Memory: 997704K/1048120K available (8608K kernel code, 1332K rwdata, 4008K rodata, 1484K init, 1316K bss, 50416K reserved, 0K cma-reserved)
[    0.000000] SLUB: HWalign=64, Order=0-3, MinObjects=0, CPUs=2, Nodes=1
[    0.000000] Kernel/User page tables isolation: enabled
[    0.000000] Hierarchical RCU implementation.
[    0.000000] 	Build-time adjustment of leaf fanout to 64.
[    0.000000] 	RCU restricting CPUs from NR_CPUS=512 to nr_cpu_ids=2.
[    0.000000] RCU: Adjusting geometry for rcu_fanout_leaf=64, nr_cpu_ids=2
[    0.000000] NR_IRQS:33024 nr_irqs:440 16
[    0.000000] Console: colour VGA+ 80x25
[    0.000000] console [tty1] enabled
[    0.000000] console [ttyS0] enabled
[    0.000000] tsc: Detected 2207.998 MHz processor
[    0.097688] Calibrating delay loop (skipped) preset value.. 4415.99 BogoMIPS (lpj=8831992)
[    0.098896] pid_max: default: 32768 minimum: 301
[    0.099547] ACPI: Core revision 20150930
[    0.100883] ACPI: 2 ACPI AML tables successfully acquired and loaded
[    0.101827] Security Framework initialized
[    0.102421] Yama: becoming mindful.
[    0.102968] AppArmor: AppArmor initialized
[    0.103622] Dentry cache hash table entries: 131072 (order: 8, 1048576 bytes)
[    0.105095] Inode-cache hash table entries: 65536 (order: 7, 524288 bytes)
[    0.106058] Mount-cache hash table entries: 2048 (order: 2, 16384 bytes)
[    0.106913] Mountpoint-cache hash table entries: 2048 (order: 2, 16384 bytes)
[    0.107924] Initializing cgroup subsys io
[    0.108522] Initializing cgroup subsys memory
[    0.109145] Initializing cgroup subsys devices
[    0.109797] Initializing cgroup subsys freezer
[    0.110425] Initializing cgroup subsys net_cls
[    0.111050] Initializing cgroup subsys perf_event
[    0.111700] Initializing cgroup subsys net_prio
[    0.112365] Initializing cgroup subsys hugetlb
[    0.113084] Initializing cgroup subsys pids
[    0.115345] mce: CPU supports 0 MCE banks
[    0.115962] Last level iTLB entries: 4KB 64, 2MB 8, 4MB 8
[    0.116690] Last level dTLB entries: 4KB 64, 2MB 0, 4MB 0, 1GB 4
[    0.117494] Spectre V2 : Mitigation: Full generic retpoline
[    0.118233] Spectre V2 : Spectre v2 / SpectreRSB mitigation: Filling RSB on context switch
[    0.119393] Speculative Store Bypass: Vulnerable
[    0.122511] Freeing SMP alternatives memory: 32K
[    0.128199] ftrace: allocating 32278 entries in 127 pages
[    0.182469] smpboot: APIC(0) Converting physical 0 to logical package 0
[    0.183340] smpboot: Max logical packages: 1
[    0.184166] x2apic enabled
[    0.184832] Switched APIC routing to physical x2apic.
[    0.186478] ..TIMER: vector=0x30 apic1=0 pin1=2 apic2=-1 pin2=-1
[    0.293266] smpboot: CPU0: Intel(R) Core(TM) i5-7260U CPU @ 2.20GHz (family: 0x6, model: 0x8e, stepping: 0x9)
[    0.294875] Performance Events: unsupported p6 CPU model 142 no PMU driver, software events only.
[    0.305273] KVM setup paravirtual spinlock
[    0.306498] x86: Booting SMP configuration:
[    0.307112] .... node  #0, CPUs:      #1
[    0.307770] kvm-clock: cpu 1, msr 0:3ffe3041, secondary cpu clock
[    0.310124] mce: CPU supports 0 MCE banks
[    0.312572] x86: Booted up 1 node, 2 CPUs
[    0.313346] smpboot: Total of 2 processors activated (8831.99 BogoMIPS)
[    0.314476] devtmpfs: initialized
[    0.316010] evm: security.selinux
[    0.316559] evm: security.SMACK64
[    0.317092] evm: security.SMACK64EXEC
[    0.317667] evm: security.SMACK64TRANSMUTE
[    0.318267] evm: security.SMACK64MMAP
[    0.318893] evm: security.ima
[    0.319428] evm: security.capability
[    0.320169] clocksource: jiffies: mask: 0xffffffff max_cycles: 0xffffffff, max_idle_ns: 7645041785100000 ns
[    0.322807] futex hash table entries: 512 (order: 3, 32768 bytes)
[    0.324490] pinctrl core: initialized pinctrl subsystem
[    0.325391] RTC time: 14:54:07, date: 05/13/19
[    0.326264] NET: Registered protocol family 16
[    0.337614] cpuidle: using governor ladder
[    0.349220] cpuidle: using governor menu
[    0.349945] PCCT header not found.
[    0.350601] ACPI: bus type PCI registered
[    0.351261] acpiphp: ACPI Hot Plug PCI Controller Driver version: 0.5
[    0.352284] PCI: Using configuration type 1 for base access
[    0.366832] ACPI: Added _OSI(Module Device)
[    0.367589] ACPI: Added _OSI(Processor Device)
[    0.368292] ACPI: Added _OSI(3.0 _SCP Extensions)
[    0.369090] ACPI: Added _OSI(Processor Aggregator Device)
[    0.370415] ACPI: Executed 1 blocks of module-level executable AML code
[    0.372992] ACPI: Interpreter enabled
[    0.373561] ACPI: (supports S0 S5)
[    0.374093] ACPI: Using IOAPIC for interrupt routing
[    0.374900] PCI: Using host bridge windows from ACPI; if necessary, use "pci=nocrs" and report a bug
[    0.379039] ACPI: PCI Root Bridge [PCI0] (domain 0000 [bus 00-ff])
[    0.379946] acpi PNP0A03:00: _OSC: OS supports [ASPM ClockPM Segments MSI]
[    0.381208] acpi PNP0A03:00: _OSC: not requesting OS control; OS requires [ExtendedConfig ASPM ClockPM MSI]
[    0.382688] acpi PNP0A03:00: fail to add MMCONFIG information, can't access extended PCI configuration space under this bridge.
[    0.384552] PCI host bridge to bus 0000:00
[    0.385233] pci_bus 0000:00: root bus resource [io  0x0000-0x0cf7 window]
[    0.386212] pci_bus 0000:00: root bus resource [io  0x0d00-0xffff window]
[    0.387192] pci_bus 0000:00: root bus resource [mem 0x000a0000-0x000bffff window]
[    0.388443] pci_bus 0000:00: root bus resource [mem 0x40000000-0xfdffffff window]
[    0.389661] pci_bus 0000:00: root bus resource [bus 00-ff]
[    0.391615] pci 0000:00:01.1: legacy IDE quirk: reg 0x10: [io  0x01f0-0x01f7]
[    0.392656] pci 0000:00:01.1: legacy IDE quirk: reg 0x14: [io  0x03f6]
[    0.393500] pci 0000:00:01.1: legacy IDE quirk: reg 0x18: [io  0x0170-0x0177]
[    0.394392] pci 0000:00:01.1: legacy IDE quirk: reg 0x1c: [io  0x0376]
[    0.406521] pci 0000:00:07.0: quirk: [io  0x4000-0x403f] claimed by PIIX4 ACPI
[    0.407686] pci 0000:00:07.0: quirk: [io  0x4100-0x410f] claimed by PIIX4 SMB
[    0.423812] ACPI: PCI Interrupt Link [LNKA] (IRQs 5 9 10 *11)
[    0.425158] ACPI: PCI Interrupt Link [LNKB] (IRQs 5 9 *10 11)
[    0.426318] ACPI: PCI Interrupt Link [LNKC] (IRQs 5 *9 10 11)
[    0.427433] ACPI: PCI Interrupt Link [LNKD] (IRQs 5 9 10 *11)
[    0.428590] ACPI: Enabled 2 GPEs in block 00 to 07
[    0.429567] vgaarb: setting as boot device: PCI:0000:00:02.0
[    0.430398] vgaarb: device added: PCI:0000:00:02.0,decodes=io+mem,owns=io+mem,locks=none
[    0.431692] vgaarb: loaded
[    0.432207] vgaarb: bridge control possible 0000:00:02.0
[    0.433160] SCSI subsystem initialized
[    0.433871] ACPI: bus type USB registered
[    0.434483] usbcore: registered new interface driver usbfs
[    0.435222] usbcore: registered new interface driver hub
[    0.435954] usbcore: registered new device driver usb
[    0.437172] PCI: Using ACPI for IRQ routing
[    0.438030] NetLabel: Initializing
[    0.438571] NetLabel:  domain hash size = 128
[    0.439196] NetLabel:  protocols = UNLABELED CIPSOv4
[    0.439912] NetLabel:  unlabeled traffic allowed by default
[    0.440825] amd_nb: Cannot enumerate AMD northbridges
[    0.441574] clocksource: Switched to clocksource kvm-clock
[    0.447596] AppArmor: AppArmor Filesystem Enabled
[    0.448384] pnp: PnP ACPI init
[    0.449441] pnp: PnP ACPI: found 3 devices
[    0.457613] clocksource: acpi_pm: mask: 0xffffff max_cycles: 0xffffff, max_idle_ns: 2085701024 ns
[    0.458872] NET: Registered protocol family 2
[    0.459636] TCP established hash table entries: 8192 (order: 4, 65536 bytes)
[    0.460539] TCP bind hash table entries: 8192 (order: 5, 131072 bytes)
[    0.461386] TCP: Hash tables configured (established 8192 bind 8192)
[    0.462243] UDP hash table entries: 512 (order: 2, 16384 bytes)
[    0.463023] UDP-Lite hash table entries: 512 (order: 2, 16384 bytes)
[    0.463868] NET: Registered protocol family 1
[    0.464526] pci 0000:00:00.0: Limiting direct PCI/PCI transfers
[    0.465589] pci 0000:00:01.0: Activating ISA DMA hang workarounds
[    0.466777] Unpacking initramfs...
[    0.650265] Freeing initrd memory: 14828K
[    0.651090] platform rtc_cmos: registered platform RTC device (no PNP device found)
[    0.652247] Scanning for low memory corruption every 60 seconds
[    0.653320] audit: initializing netlink subsys (disabled)
[    0.654074] audit: type=2000 audit(1557759251.936:1): initialized
[    0.655091] Initialise system trusted keyring
[    0.655846] HugeTLB registered 2 MB page size, pre-allocated 0 pages
[    0.657756] zbud: loaded
[    0.658558] VFS: Disk quotas dquot_6.6.0
[    0.659173] VFS: Dquot-cache hash table entries: 512 (order 0, 4096 bytes)
[    0.660234] squashfs: version 4.0 (2009/01/31) Phillip Lougher
[    0.661278] fuse init (API version 7.23)
[    0.662010] Key type big_key registered
[    0.662600] Allocating IMA MOK and blacklist keyrings.
[    0.666134] Key type asymmetric registered
[    0.666764] Asymmetric key parser 'x509' registered
[    0.667479] Block layer SCSI generic (bsg) driver version 0.4 loaded (major 249)
[    0.668612] io scheduler noop registered
[    0.669198] io scheduler deadline registered (default)
[    0.669966] io scheduler cfq registered
[    0.671147] pci_hotplug: PCI Hot Plug PCI Core version: 0.5
[    0.671924] pciehp: PCI Express Hot Plug Controller Driver version: 0.4
[    0.672876] ACPI: AC Adapter [AC] (on-line)
[    0.673529] input: Power Button as /devices/LNXSYSTM:00/LNXPWRBN:00/input/input0
[    0.674648] ACPI: Power Button [PWRF]
[    0.675252] input: Sleep Button as /devices/LNXSYSTM:00/LNXSLPBN:00/input/input1
[    0.676342] ACPI: Sleep Button [SLPF]
[    0.677096] GHES: HEST is not enabled!
[    0.677748] Serial: 8250/16550 driver, 32 ports, IRQ sharing enabled
 	
 !"#$%&'()*+,-./0123456789:;<=>?@ABCDEFGHIJKLMNOPQRSTUVWXYZ[\]^_`abcdefghijklmnopqrstuvwxyz{|}~ÄÅÇÉÑÖÜáàâäãåçéèêëíìîïñóòôöõúùûü†°¢£§•¶ß®©™´¨≠ÆØ∞±≤≥¥µ∂∑∏π∫ªºΩæø¿¡¬√ƒ≈∆«»… ÀÃÕŒœ–—“”‘’÷◊ÿŸ⁄€‹›ﬁﬂ‡·‚„‰ÂÊÁËÈÍÎÏÌÓÔÒÚÛÙıˆ˜¯˘˙˚¸˝˛ˇ[    0.699980] 00:02: ttyS0 at I/O 0x3f8 (irq = 4, base_baud = 115200) is a 16550A
[    0.702090] Linux agpgart interface v0.103
[    0.703918] loop: module loaded
[    0.704901] scsi host0: ata_piix
[    0.705524] scsi host1: ata_piix
[    0.706119] ata1: PATA max UDMA/33 cmd 0x1f0 ctl 0x3f6 bmdma 0xd000 irq 14
[    0.707024] ata2: PATA max UDMA/33 cmd 0x170 ctl 0x376 bmdma 0xd008 irq 15
[    0.708172] libphy: Fixed MDIO Bus: probed
[    0.708811] tun: Universal TUN/TAP device driver, 1.6
[    0.709497] tun: (C) 1999-2004 Max Krasnyansky <maxk@qualcomm.com>
[    0.710366] PPP generic driver version 2.4.2
[    0.711029] ehci_hcd: USB 2.0 'Enhanced' Host Controller (EHCI) Driver
[    0.711886] ehci-pci: EHCI PCI platform driver
[    0.712531] ehci-platform: EHCI generic platform driver
[    0.713247] ohci_hcd: USB 1.1 'Open' Host Controller (OHCI) Driver
[    0.714079] ohci-pci: OHCI PCI platform driver
[    0.714721] ohci-platform: OHCI generic platform driver
[    0.715492] uhci_hcd: USB Universal Host Controller Interface driver
[    0.716369] i8042: PNP: PS/2 Controller [PNP0303:PS2K,PNP0f03:PS2M] at 0x60,0x64 irq 1,12
[    0.718003] serio: i8042 KBD port at 0x60,0x64 irq 1
[    0.718693] serio: i8042 AUX port at 0x60,0x64 irq 12
[    0.719470] mousedev: PS/2 mouse device common for all mice
[    0.720635] input: AT Translated Set 2 keyboard as /devices/platform/i8042/serio0/input/input2
[    0.721916] rtc_cmos rtc_cmos: rtc core: registered rtc_cmos as rtc0
[    0.722863] rtc_cmos rtc_cmos: alarms up to one day, 114 bytes nvram
[    0.723687] i2c /dev entries driver
[    0.724272] device-mapper: uevent: version 1.0.3
[    0.724985] device-mapper: ioctl: 4.34.0-ioctl (2015-10-28) initialised: dm-devel@redhat.com
[    0.726224] ledtrig-cpu: registered to indicate activity on CPUs
[    0.727338] NET: Registered protocol family 10
[    0.728140] NET: Registered protocol family 17
[    0.728796] Key type dns_resolver registered
[    0.729603] registered taskstats version 1
[    0.730250] Loading compiled-in X.509 certificates
[    0.731423] Loaded X.509 cert 'Build time autogenerated kernel key: d03773f65dd2b75b701d4dd50cb1e8d0c07b3b6e'
[    0.732784] zswap: loaded using pool lzo/zbud
[    0.734812] Key type trusted registered
[    0.737884] Key type encrypted registered
[    0.738543] AppArmor: AppArmor sha1 policy hashing enabled
[    0.739278] ima: No TPM chip found, activating TPM-bypass!
[    0.740010] ima: Allocated hash algorithm: sha1
[    0.740670] evm: HMAC attrs: 0x1
[    0.741427]   Magic number: 3:346:940
[    0.742097] rtc_cmos rtc_cmos: setting system clock to 2019-05-13 14:54:07 UTC (1557759247)
[    0.743367] BIOS EDD facility v0.16 2004-Jun-25, 0 devices found
[    0.744153] EDD information not available.
[    0.863876] Freeing unused kernel memory: 1484K
[    0.865150] Write protecting the kernel read-only data: 14336k
[    0.867373] Freeing unused kernel memory: 1620K
[    0.868798] Freeing unused kernel memory: 88K
Loading, please wait...
starting version 229
[    0.885097] random: systemd-udevd: uninitialized urandom read (16 bytes read, 3 bits of entropy available)
[    0.885841] random: udevadm: uninitialized urandom read (16 bytes read, 3 bits of entropy available)
[    0.885861] random: udevadm: uninitialized urandom read (16 bytes read, 3 bits of entropy available)
[    0.890483] random: systemd-udevd: uninitialized urandom read (16 bytes read, 3 bits of entropy available)
[    0.892351] random: systemd-udevd: uninitialized urandom read (16 bytes read, 3 bits of entropy available)
[    0.894164] random: systemd-udevd: uninitialized urandom read (16 bytes read, 3 bits of entropy available)
[    0.896870] random: systemd-udevd: uninitialized urandom read (16 bytes read, 3 bits of entropy available)
[    0.898803] random: udevadm: uninitialized urandom read (16 bytes read, 3 bits of entropy available)
[    0.898848] random: udevadm: uninitialized urandom read (16 bytes read, 3 bits of entropy available)
[    0.898992] random: udevadm: uninitialized urandom read (16 bytes read, 3 bits of entropy available)
[    0.940955] e1000: Intel(R) PRO/1000 Network Driver - version 7.3.21-k8-NAPI
[    0.942118] e1000: Copyright (c) 1999-2006 Intel Corporation.
[    0.943012] Fusion MPT base driver 3.04.20
[    0.943742] Copyright (c) 1999-2008 LSI Corporation
[    0.962988] AVX2 version of gcm_enc/dec engaged.
[    0.963783] AES CTR mode by8 optimization enabled
[    0.971917] Fusion MPT SPI Host driver 3.04.20
[    1.159641] input: ImExPS/2 Generic Explorer Mouse as /devices/platform/i8042/serio1/input/input4
[    1.272811] e1000 0000:00:03.0 eth0: (PCI:33MHz:32-bit) 02:30:52:25:60:69
[    1.273800] e1000 0000:00:03.0 eth0: Intel(R) PRO/1000 Network Connection
[    1.650008] tsc: Refined TSC clocksource calibration: 2208.012 MHz
[    1.654148] clocksource: tsc: mask: 0xffffffffffffffff max_cycles: 0x1fd3c37bdc6, max_idle_ns: 440795314873 ns
[    1.681205] e1000 0000:00:08.0 eth1: (PCI:33MHz:32-bit) 08:00:27:a8:46:66
[    1.683287] e1000 0000:00:08.0 eth1: Intel(R) PRO/1000 Network Connection
[    1.687197] e1000 0000:00:03.0 enp0s3: renamed from eth0
[    1.689289] mptbase: ioc0: Initiating bringup
[    1.693970] e1000 0000:00:08.0 enp0s8: renamed from eth1
[    1.754235] ioc0: LSI53C1030 A0: Capabilities={Initiator}
[    1.922273] scsi host2: ioc0: LSI53C1030 A0, FwRev=00000000h, Ports=1, MaxQ=256, IRQ=20
[    2.052398] scsi 2:0:0:0: Direct-Access     VBOX     HARDDISK         1.0  PQ: 0 ANSI: 5
[    2.057448] scsi target2:0:0: Beginning Domain Validation
[    2.061375] scsi target2:0:0: Domain Validation skipping write tests
[    2.069988] scsi target2:0:0: Ending Domain Validation
[    2.071447] scsi target2:0:0: asynchronous
[    2.076444] scsi 2:0:1:0: Direct-Access     VBOX     HARDDISK         1.0  PQ: 0 ANSI: 5
[    2.078243] scsi target2:0:1: Beginning Domain Validation
[    2.080154] scsi target2:0:1: Domain Validation skipping write tests
[    2.081336] scsi target2:0:1: Ending Domain Validation
[    2.082363] scsi target2:0:1: asynchronous
[    2.106741] sd 2:0:0:0: [sda] 20971520 512-byte logical blocks: (10.7 GB/10.0 GiB)
[    2.106927] sd 2:0:0:0: Attached scsi generic sg0 type 0
[    2.108783] sd 2:0:0:0: [sda] Write Protect is off
[    2.109182] sd 2:0:1:0: [sdb] 20480 512-byte logical blocks: (10.5 MB/10.0 MiB)
[    2.109287] sd 2:0:1:0: [sdb] Write Protect is off
[    2.109358] sd 2:0:1:0: [sdb] Incomplete mode parameter data
[    2.109359] sd 2:0:1:0: [sdb] Assuming drive cache: write through
[    2.113116] sd 2:0:1:0: Attached scsi generic sg1 type 0
[    2.113123] sd 2:0:0:0: [sda] Incomplete mode parameter data
[    2.113124] sd 2:0:0:0: [sda] Assuming drive cache: write through
[    2.117509]  sda: sda1
[    2.118537] sd 2:0:0:0: [sda] Attached SCSI disk
[    2.118625] sd 2:0:1:0: [sdb] Attached SCSI disk
Begin: Loading essential drivers ... [    3.454437] md: linear personality registered for level -1
[    3.457194] md: multipath personality registered for level -4
[    3.460096] md: raid0 personality registered for level 0
[    3.463785] md: raid1 personality registered for level 1
[    3.533627] raid6: sse2x1   gen() 11802 MB/s
[    3.601628] raid6: sse2x1   xor()  8841 MB/s
[    3.669633] raid6: sse2x2   gen() 14395 MB/s
[    3.737603] raid6: sse2x2   xor()  9957 MB/s
[    3.805652] raid6: sse2x4   gen() 13338 MB/s
[    3.876792] raid6: sse2x4   xor()  7866 MB/s
[    3.941632] raid6: avx2x1   gen() 23598 MB/s
[    4.009625] raid6: avx2x2   gen() 26718 MB/s
[    4.077630] raid6: avx2x4   gen() 29026 MB/s
[    4.078330] raid6: using algorithm avx2x4 gen() 29026 MB/s
[    4.079154] raid6: using avx2x2 recovery algorithm
[    4.081005] xor: automatically using best checksumming function:
[    4.147111]    avx       : 63932.000 MB/sec
[    4.148907] async_tx: api initialized (async)
[    4.157143] md: raid6 personality registered for level 6
[    4.158037] md: raid5 personality registered for level 5
[    4.158845] md: raid4 personality registered for level 4
[    4.164773] md: raid10 personality registered for level 10
done.
Begin: Running /scripts/init-premount ... done.
Begin: Mounting root file system ... Begin: Running /scripts/local-top ... done.
Begin: Running /scripts/local-premount ... [    4.190534] Btrfs loaded
Scanning for Btrfs filesystems
done.
Warning: fsck not present, so skipping root file system
[    4.217802] EXT4-fs (sda1): mounted filesystem with ordered data mode. Opts: (null)
done.
Begin: Running /scripts/local-bottom ... done.
Begin: Running /scripts/init-bottom ... done.
[    4.350225] systemd[1]: systemd 229 running in system mode. (+PAM +AUDIT +SELINUX +IMA +APPARMOR +SMACK +SYSVINIT +UTMP +LIBCRYPTSETUP +GCRYPT +GNUTLS +ACL +XZ -LZ4 +SECCOMP +BLKID +ELFUTILS +KMOD -IDN)
[    4.357339] systemd[1]: Detected virtualization oracle.
[    4.359536] systemd[1]: Detected architecture x86-64.

Welcome to [1mUbuntu 16.04.6 LTS[0m!

[    4.365638] systemd[1]: Set hostname to <ubuntu>.
[    4.371517] systemd[1]: Initializing machine ID from random generator.
[    4.372793] systemd[1]: Installed transient /etc/machine-id file.
[    4.527725] systemd[1]: Listening on /dev/initctl Compatibility Named Pipe.
[[0;32m  OK  [0m] Listening on /dev/initctl Compatibility Named Pipe.
[    4.529380] systemd[1]: Reached target User and Group Name Lookups.
[[0;32m  OK  [0m] Reached target User and Group Name Lookups.
[    4.530860] systemd[1]: Reached target System Time Synchronized.
[[0;32m  OK  [0m] Reached target System Time Synchronized.
[    4.532274] systemd[1]: Listening on Syslog Socket.
[[0;32m  OK  [0m] Listening on Syslog Socket.
[    4.533528] systemd[1]: Listening on Journal Audit Socket.
[[0;32m  OK  [0m] Listening on Journal Audit Socket.
[    4.535138] systemd[1]: Created slice System Slice.
[[0;32m  OK  [0m] Created slice System Slice.
[    4.536539] systemd[1]: Created slice system-serial\x2dgetty.slice.
[[0;32m  OK  [0m] Created slice system-serial\x2dgetty.slice.
[    4.538015] systemd[1]: Reached target Swap.
[[0;32m  OK  [0m] Reached target Swap.
[    4.539131] systemd[1]: Listening on LVM2 metadata daemon socket.
[[0;32m  OK  [0m] Listening on LVM2 metadata daemon socket.
[    4.540564] systemd[1]: Started Trigger resolvconf update for networkd DNS.
[[0;32m  OK  [0m] Started Trigger resolvconf update for networkd DNS.
[    4.542329] systemd[1]: Created slice User and Session Slice.
[[0;32m  OK  [0m] Created slice User and Session Slice.
[    4.543697] systemd[1]: Listening on udev Control Socket.
[[0;32m  OK  [0m] Listening on udev Control Socket.
[    4.545015] systemd[1]: Listening on Journal Socket.
[[0;32m  OK  [0m] Listening on Journal Socket.
[    4.562128] systemd[1]: Starting Set console keymap...
         Starting Set console keymap...
[    4.567932] systemd[1]: Starting Create list of required static device nodes for the current kernel...
         Starting Create list of required st... nodes for the current kernel...
[    4.576698] systemd[1]: Mounting Huge Pages File System...
         Mounting Huge Pages File System...
[    4.581163] systemd[1]: Mounting POSIX Message Queue File System...
         Mounting POSIX Message Queue File System...
[    4.586705] systemd[1]: Starting Uncomplicated firewall...
         Starting Uncomplicated firewall...
[    4.591282] systemd[1]: Starting Nameserver information manager...
         Starting Nameserver information manager...
[    4.594633] systemd[1]: Mounting Debug File System...
         Mounting Debug File System...
[    4.596254] systemd[1]: Listening on Device-mapper event daemon FIFOs.
[[0;32m  OK  [0m] Listening on Device-mapper event daemon FIFOs.
[    4.599348] systemd[1]: Starting Monitoring of LVM2 mirrors, snapshots etc. using dmeventd or progress polling...
         Starting Monitoring of LVM2 mirrors... dmeventd or progress polling...
[    4.602293] systemd[1]: Reached target Slices.
[[0;32m  OK  [0m] Reached target Slices.
[    4.605999] systemd[1]: Starting Load Kernel Modules...
         Starting Load Kernel Modules...
[    4.607728] systemd[1]: Listening on Journal Socket (/dev/log).
[[0;32m  OK  [0m] Listening on Journal Socket (/dev/log).
[    4.610094] systemd[1]: Starting Journal Service...
         Starting Journal Service...
[    4.611726] systemd[1]: Started Forward Password Requests to Wall Directory Watch.
[[0;32m  OK  [0m] Started Forward Password Requests to Wall Directory Watch.
[    4.613912] systemd[1]: Reached target Encrypted Volumes.
[[0;32m  OK  [0m] Reached target Encrypted Volumes.
[    4.615915] systemd[1]: Listening on LVM2 poll daemon socket.
[[0;32m  OK  [0m] Listening on LVM2 poll daemon socket.
[    4.617414] systemd[1]: Listening on udev Kernel Socket.
[[0;32m  OK  [0m] Listening on udev Kernel Socket.
[    4.619325] systemd[1]: Starting Remount Root and Kernel File Systems...
         Starting Remount Root and Kernel File Systems...
[    4.621016] systemd[1]: Set up automount Arbitrary Executable File Formats File System Automount Point.
[[0;32m  OK  [0m] Set up automount Arbitrary Executab...ats File System Automount Point.
[    4.623429] Loading iSCSI transport class v2.0-870.
[    4.626008] systemd[1]: Mounted POSIX Message Queue File System.
[[0;32m  OK  [0m] Mounted POSIX Message Queue File System.
[    4.627583] systemd[1]: Mounted Debug File System.
[[0;32m  OK  [0m] Mounted Debug File System.
[    4.628928] systemd[1]: Mounted Huge Pages File System.
[[0;32m  OK  [0m] Mounted Huge Pages File System.
[    4.631271] systemd[1]: Started Create list of required static device nodes for the current kernel.
[    4.631877] EXT4-fs (sda1): re-mounted. Opts: (null)
[[0;32m  OK  [0m] Started Create list of required sta...ce nodes for the current kernel.
[    4.635132] systemd[1]: Started Uncomplicated firewall.
[[0;32m  OK  [0m] Started Uncomplicated firewall.
[    4.637336] systemd[1]: Started Remount Root and Kernel File Systems.
[[0;32m  OK  [0m] Started Remount Root and Kernel File Systems.
[    4.640094] systemd[1]: Started Nameserver information manager.
[[0;32m  OK  [0m] Started Nameserver information manager.
[    4.653862] iscsi: registered transport (tcp)
[    4.657357] systemd[1]: Started Journal Service.
[[0;32m  OK  [0m] Started Journal Service.
[[0;32m  OK  [0m] Started Set console keymap.
[[0;32m  OK  [0m] Started LVM2 metadata daemon.
         Starting Flush Journal to Persistent Storage...
         Starting udev Coldplug all Devices...
         Starting Load/Save Random Seed...
         Starting Create Static Device Nodes in /dev...
[    4.698697] systemd-journald[397]: Received request to flush runtime journal from PID 1
[[0;32m  OK  [0m] Started Load/Save Random Seed.
[    4.711696] iscsi: registered transport (iser)
[[0;32m  OK  [0m] Started Load Kernel Modules.
[[0;32m  OK  [0m] Started Flush Journal to Persistent Storage.
[[0;32m  OK  [0m] Started Create Static Device Nodes in /dev.
         Starting udev Kernel Device Manager...
         Starting Apply Kernel Variables...
         Mounting FUSE Control File System...
[[0;32m  OK  [0m] Mounted FUSE Control File System.
[[0;32m  OK  [0m] Started Apply Kernel Variables.
[[0;32m  OK  [0m] Started udev Coldplug all Devices.
[[0;32m  OK  [0m] Started udev Kernel Device Manager.
[[0;32m  OK  [0m] Started Dispatch Password Requests to Console Directory Watch.
[[0;32m  OK  [0m] Found device /dev/ttyS0.
[[0;32m  OK  [0m] Listening on Load/Save RF Kill Switch Status /dev/rfkill Watch.
[[0;32m  OK  [0m] Started Monitoring of LVM2 mirrors,...ng dmeventd or progress polling.
[[0;32m  OK  [0m] Reached target Local File Systems (Pre).
[[0;32m  OK  [0m] Reached target Local File Systems.
         Starting Tell Plymouth To Write Out Runtime Data...
         Starting LSB: AppArmor initialization...
         Starting Initial cloud-init job (pre-networking)...
         Starting Create Volatile Files and Directories...
         Starting Set console font and keymap...
         Starting Commit a transient machine-id on disk...
[[0;32m  OK  [0m] Started Tell Plymouth To Write Out Runtime Data.
[[0;32m  OK  [0m] Started Create Volatile Files and Directories.
         Starting Update UTMP about System Boot/Shutdown...
[[0;32m  OK  [0m] Started Commit a transient machine-id on disk.
[[0;32m  OK  [0m] Started Update UTMP about System Boot/Shutdown.
[[0;32m  OK  [0m] Started Set console font and keymap.
[[0;32m  OK  [0m] Created slice system-getty.slice.
[[0;32m  OK  [0m] Started LSB: AppArmor initialization.
[    6.023827] cloud-init[623]: Cloud-init v. 18.5-45-g3554ffe8-0ubuntu1~16.04.1 running 'init-local' at Mon, 13 May 2019 14:54:12 +0000. Up 5.73 seconds.
[[0;32m  OK  [0m] Started Initial cloud-init job (pre-networking).
[[0;32m  OK  [0m] Reached target Network (Pre).
         Starting Raise network interfaces...
[[0;32m  OK  [0m] Started Raise network interfaces.
[[0;32m  OK  [0m] Reached target Network.
         Starting Initial cloud-init job (metadata service crawler)...
[    7.135340] cloud-init[955]: Cloud-init v. 18.5-45-g3554ffe8-0ubuntu1~16.04.1 running 'init' at Mon, 13 May 2019 14:54:13 +0000. Up 6.49 seconds.
[    7.136603] cloud-init[955]: ci-info: ++++++++++++++++++++++++++++++++++++++Net device info+++++++++++++++++++++++++++++++++++++++
[    7.137859] cloud-init[955]: ci-info: +--------+-------+----------------------------+---------------+--------+-------------------+
[    7.139109] cloud-init[955]: ci-info: | Device |   Up  |          Address           |      Mask     | Scope  |     Hw-Address    |
[    7.140359] cloud-init[955]: ci-info: +--------+-------+----------------------------+---------------+--------+-------------------+
[    7.141599] cloud-init[955]: ci-info: | enp0s3 |  True |         10.0.2.15          | 255.255.255.0 | global | 02:30:52:25:60:69 |
[    7.142872] cloud-init[955]: ci-info: | enp0s3 |  True | fe80::30:52ff:fe25:6069/64 |       .       |  link  | 02:30:52:25:60:69 |
[    7.144256] cloud-init[955]: ci-info: | enp0s8 | False |             .              |       .       |   .    | 08:00:27:a8:46:66 |
[    7.145579] cloud-init[955]: ci-info: |   lo   |  True |         127.0.0.1          |   255.0.0.0   |  host  |         .         |
[    7.146884] cloud-init[955]: ci-info: |   lo   |  True |          ::1/128           |       .       |  host  |         .         |
[    7.148155] cloud-init[955]: ci-info: +--------+-------+----------------------------+---------------+--------+-------------------+
[    7.149501] cloud-init[955]: ci-info: +++++++++++++++++++++++++++Route IPv4 info++++++++++++++++++++++++++++
[    7.150640] cloud-init[955]: ci-info: +-------+-------------+----------+---------------+-----------+-------+
[    7.151787] cloud-init[955]: ci-info: | Route | Destination | Gateway  |    Genmask    | Interface | Flags |
[    7.152922] cloud-init[955]: ci-info: +-------+-------------+----------+---------------+-----------+-------+
[    7.154037] cloud-init[955]: ci-info: |   0   |   0.0.0.0   | 10.0.2.2 |    0.0.0.0    |   enp0s3  |   UG  |
[    7.155150] cloud-init[955]: ci-info: |   1   |   10.0.2.0  | 0.0.0.0  | 255.255.255.0 |   enp0s3  |   U   |
[    7.156252] cloud-init[955]: ci-info: +-------+-------------+----------+---------------+-----------+-------+
[    7.157397] cloud-init[955]: ci-info: +++++++++++++++++++Route IPv6 info+++++++++++++++++++
[    7.158369] cloud-init[955]: ci-info: +-------+-------------+---------+-----------+-------+
[    7.159330] cloud-init[955]: ci-info: | Route | Destination | Gateway | Interface | Flags |
[    7.160291] cloud-init[955]: ci-info: +-------+-------------+---------+-----------+-------+
[    7.161251] cloud-init[955]: ci-info: |   0   |  fe80::/64  |    ::   |   enp0s3  |   U   |
[    7.162225] cloud-init[955]: ci-info: |   3   |   ff00::/8  |    ::   |   enp0s3  |   U   |
[    7.163266] cloud-init[955]: ci-info: +-------+-------------+---------+-----------+-------+
[    7.164399] cloud-init[955]: Generating public/private rsa key pair.
[    7.166945] cloud-init[955]: Your identification has been saved in /etc/ssh/ssh_host_rsa_key.
[    7.167793] cloud-init[955]: Your public key has been saved in /etc/ssh/ssh_host_rsa_key.pub.
[    7.168673] cloud-init[955]: The key fingerprint is:
[    7.169270] cloud-init[955]: SHA256:goKYGM3pUtpOxFeyKEszowVhDJ3ICXV7eb1GD1r2D/E root@ubuntu-xenial
[    7.170177] cloud-init[955]: The key's randomart image is:
[    7.170803] cloud-init[955]: +---[RSA 2048]----+
[    7.171363] cloud-init[955]: |X*o.o .          |
[    7.171940] cloud-init[955]: |oOo+ = . .       |
[    7.172533] cloud-init[955]: |o=X + o . * .    |
[    7.173119] cloud-init[955]: |=&+. o . = = o   |
[    7.176347] cloud-init[955]: |X = . . S o + E  |
[    7.176916] cloud-init[955]: | + .   . .   o   |
[    7.177516] cloud-init[955]: |  .           .  |
[    7.178118] cloud-init[955]: |                 |
[    7.178708] cloud-init[955]: |                 |
[    7.179299] cloud-init[955]: +----[SHA256]-----+
[    7.179862] cloud-init[955]: Generating public/private dsa key pair.
[    7.180542] cloud-init[955]: Your identification has been saved in /etc/ssh/ssh_host_dsa_key.
[    7.181380] cloud-init[955]: Your public key has been saved in /etc/ssh/ssh_host_dsa_key.pub.
[    7.182196] cloud-init[955]: The key fingerprint is:
[    7.182817] cloud-init[955]: SHA256:txCxzhXlcsU9xL7qHuxMOw+6ZIOsl4prMrJitG9g9oU root@ubuntu-xenial
[    7.184247] cloud-init[955]: The key's randomart image is:
[    7.184880] cloud-init[955]: +---[DSA 1024]----+
[    7.185479] cloud-init[955]: |        . ....+o |
[    7.194306] cloud-init[955]: |         o o ..o.|
[    7.194896] cloud-init[955]: |        o o o . .|
[    7.195496] cloud-init[955]: |       o o o   . |
[    7.196080] cloud-init[955]: |    .   S .     .|
[    7.196692] cloud-init[955]: | = E .  .o...  . |
[    7.197277] cloud-init[955]: |+ + .    oo+ =.  |
[    7.197876] cloud-init[955]: |.+ = .. .oo *o+  |
[    7.198604] cloud-init[955]: |o.=.+o.oo  o+*o. |
[    7.199274] cloud-init[955]: +----[SHA256]-----+
[    7.199920] cloud-init[955]: Generating public/private ecdsa key pair.
[    7.200693] cloud-init[955]: Your identification has been saved in /etc/ssh/ssh_host_ecdsa_key.
[    7.201711] cloud-init[955]: Your public key has been saved in /etc/ssh/ssh_host_ecdsa_key.pub.
[    7.202762] cloud-init[955]: The key fingerprint is:
[    7.203605] cloud-init[955]: SHA256:sl7i/KBHgND12RjOLdhCeVeH5DSgkk4mUZyMBDLL1to root@ubuntu-xenial
[    7.204652] cloud-init[955]: The key's randomart image is:
[    7.205400] cloud-init[955]: +---[ECDSA 256]---+
[    7.206087] cloud-init[955]: |++o*+o. .+=..    |
[    7.206776] cloud-init[955]: |+o+o=B.B.o.o     |
[    7.207457] cloud-init[955]: |.+.oB.X.o .      |
[    7.208119] cloud-init[955]: |. +=.o .         |
[    7.208820] cloud-init[955]: | . E... S        |
[    7.209740] cloud-init[955]: |      .o         |
[    7.210402] cloud-init[955]: |     .+ .        |
[    7.210632] cloud-init[955]: |     =.+         |
[    7.210957] cloud-init[955]: |    ..+..        |
[    7.211270] cloud-init[955]: +----[SHA256]-----+
[    7.211585] cloud-init[955]: Generating public/private ed25519 key pair.
[    7.211875] cloud-init[955]: Your identification has been saved in /etc/ssh/ssh_host_ed25519_key.
[    7.212308] cloud-init[955]: Your public key has been saved in /etc/ssh/ssh_host_ed25519_key.pub.
[    7.212616] cloud-init[955]: The key fingerprint is:
[    7.212933] cloud-init[955]: SHA256:JdqlJqB0B3S0Ra2wJ69qi1Ol8EQz1JVom3XTgA7N/BQ root@ubuntu-xenial
[    7.213250] cloud-init[955]: The key's randomart image is:
[    7.213564] cloud-init[955]: +--[ED25519 256]--+
[    7.213946] cloud-init[955]: |   o+ooB++E+     |
[    7.214059] cloud-init[955]: |    +o*oB = .    |
[    7.214401] cloud-init[955]: |  ..o+oO.=o.     |
[    7.214714] cloud-init[955]: | ..o.o*o+=.      |
[    7.215026] cloud-init[955]: |  .+ oo+S        |
[    7.215345] cloud-init[955]: |    +  o.        |
[    7.215658] cloud-init[955]: |   .   .         |
[    7.215972] cloud-init[955]: |  ... .          |
[    7.216399] cloud-init[955]: |  .ooo           |
[    7.216710] cloud-init[955]: +----[SHA256]-----+
[[0;32m  OK  [0m] Started Initial cloud-init job (metadata service crawler).
[[0;32m  OK  [0m] Reached target Network is Online.
         Starting iSCSI initiator daemon (iscsid)...
[[0;32m  OK  [0m] Reached target Cloud-config availability.
[[0;32m  OK  [0m] Reached target System Initialization.
[[0;32m  OK  [0m] Listening on ACPID Listen Socket.
         Starting LXD - unix socket.
[[0;32m  OK  [0m] Started Daily apt download activities.
[[0;32m  OK  [0m] Listening on UUID daemon activation socket.
[[0;32m  OK  [0m] Started ACPI Events Check.
[[0;32m  OK  [0m] Reached target Paths.
[[0;32m  OK  [0m] Started Daily Cleanup of Temporary Directories.
[[0;32m  OK  [0m] Listening on D-Bus System Message Bus Socket.
[[0;32m  OK  [0m] Started Daily apt upgrade and clean activities.
[[0;32m  OK  [0m] Reached target Timers.
         Starting Socket activation for snappy daemon.
[[0;32m  OK  [0m] Listening on LXD - unix socket.
[[0;32m  OK  [0m] Listening on Socket activation for snappy daemon.
[[0;32m  OK  [0m] Reached target Sockets.
[[0;32m  OK  [0m] Reached target Basic System.
[[0;32m  OK  [0m] Started FUSE filesystem for LXC.
         Starting /etc/rc.local Compatibility...
[[0;32m  OK  [0m] Started Unattended Upgrades Shutdown.
[[0;32m  OK  [0m] Started Regular background program processing daemon.
[[0;32m  OK  [0m] Started D-Bus System Message Bus.
         Starting Pollinate to seed the pseudo random number generator...
         Starting LSB: Record successful boot for GRUB...
         Starting Accounts Service...
         Starting LSB: MD monitoring daemon...
[[0;32m  OK  [0m] Started Deferred execution scheduler.
         Starting Snappy daemon...
         Starting Login Service...
         Starting System Logging Service...
[[0;32m  OK  [0m] Started ACPI event daemon.
         Starting LXD - container startup/shutdown...
         Starting Virtualbox guest utils...
[[0;32m  OK  [0m] Started iSCSI initiator daemon (iscsid).
[[0;32m  OK  [0m] Started /etc/rc.local Compatibility.
[[0;32m  OK  [0m] Started System Logging Service.
         Starting Login to default iSCSI targets...
[[0;32m  OK  [0m] Started LSB: MD monitoring daemon.
[[0;32m  OK  [0m] Started Login Service.
         Starting Authenticate and Authorize Users to Run Privileged Tasks...
[[0;32m  OK  [0m] Started LSB: Record successful boot for GRUB.
[[0;32m  OK  [0m] Started Login to default iSCSI targets.
[[0;32m  OK  [0m] Reached target Remote File Systems (Pre).
[[0;32m  OK  [0m] Reached target Remote File Systems.
         Starting Permit User Sessions...
         Starting LSB: daemon to balance interrupts for SMP systems...
         Starting LSB: automatic crash report generation...
         Starting LSB: Set the CPU Frequency Scaling governor to "ondemand"...
[[0;32m  OK  [0m] Started Permit User Sessions.
[[0;32m  OK  [0m] Started Authenticate and Authorize Users to Run Privileged Tasks.
[[0;32m  OK  [0m] Started Virtualbox guest utils.
[[0;32m  OK  [0m] Started Accounts Service.
         Starting Hold until boot process finishes up...
         Starting Terminate Plymouth Boot Screen...
[[0;32m  OK  [0m] Started LSB: Set the CPU Frequency Scaling governor to "ondemand".
[[0;32m  OK  [0m] Started Hold until boot process finishes up.
[[0;32m  OK  [0m] Started LSB: daemon to balance interrupts for SMP systems.
         Starting Set console scheme...
[[0;32m  OK  [0m] Started Serial Getty on ttyS0.
[[0;32m  OK  [0m] Started Getty on tty1.
[[0;32m  OK  [0m] Reached target Login Prompts.
[[0;32m  OK  [0m] Started Terminate Plymouth Boot Screen.
[[0;32m  OK  [0m] Started Set console scheme.
[[0;32m  OK  [0m] Started LSB: automatic crash report generation.
[[0;32m  OK  [0m] Started LXD - container startup/shutdown.
[[0;32m  OK  [0m] Started Snappy daemon.
         Starting Wait until snapd is fully seeded...
[[0;32m  OK  [0m] Started Pollinate to seed the pseudo random number generator.
         Starting OpenBSD Secure Shell server...
[[0;32m  OK  [0m] Started OpenBSD Secure Shell server.
[[0;32m  OK  [0m] Started Wait until snapd is fully seeded.
         Starting Apply the settings specified in cloud-config...
[[0;32m  OK  [0m] Reached target Multi-User System.
[[0;32m  OK  [0m] Reached target Graphical Interface.
         Starting Update UTMP about System Runlevel Changes...
[[0;32m  OK  [0m] Started Update UTMP about System Runlevel Changes.
[   11.677689] cloud-init[1287]: Generating locales (this might take a while)...
[   12.221665] cloud-init[1287]:   en_US.UTF-8... done
[   12.222449] cloud-init[1287]: Generation complete.
[   12.552926] cloud-init[1287]: Cloud-init v. 18.5-45-g3554ffe8-0ubuntu1~16.04.1 running 'modules:config' at Mon, 13 May 2019 14:54:18 +0000. Up 11.60 seconds.
ci-info: no authorized ssh keys fingerprints found for user ubuntu.
<14>May 13 14:54:20 ec2: 
<14>May 13 14:54:20 ec2: #############################################################
<14>May 13 14:54:20 ec2: -----BEGIN SSH HOST KEY FINGERPRINTS-----
<14>May 13 14:54:20 ec2: 1024 SHA256:txCxzhXlcsU9xL7qHuxMOw+6ZIOsl4prMrJitG9g9oU root@ubuntu-xenial (DSA)
<14>May 13 14:54:20 ec2: 256 SHA256:sl7i/KBHgND12RjOLdhCeVeH5DSgkk4mUZyMBDLL1to root@ubuntu-xenial (ECDSA)
<14>May 13 14:54:20 ec2: 256 SHA256:JdqlJqB0B3S0Ra2wJ69qi1Ol8EQz1JVom3XTgA7N/BQ root@ubuntu-xenial (ED25519)
<14>May 13 14:54:20 ec2: 2048 SHA256:goKYGM3pUtpOxFeyKEszowVhDJ3ICXV7eb1GD1r2D/E root@ubuntu-xenial (RSA)
<14>May 13 14:54:20 ec2: -----END SSH HOST KEY FINGERPRINTS-----
<14>May 13 14:54:20 ec2: #############################################################
-----BEGIN SSH HOST KEY KEYS-----
ecdsa-sha2-nistp256 AAAAE2VjZHNhLXNoYTItbmlzdHAyNTYAAAAIbmlzdHAyNTYAAABBBHsX41Z28eu2vutEbC+YBGCRVInZLIdC2UmgIr9dni3ub6MlhElbaNytq/+27Fx3ndZy2acvQaluiSYTJpxlok4= root@ubuntu-xenial
ssh-ed25519 AAAAC3NzaC1lZDI1NTE5AAAAIIxriscOH5dOoPe5ntGeD264sLUW8eHme6yTCsZ3LG1S root@ubuntu-xenial
ssh-rsa AAAAB3NzaC1yc2EAAAADAQABAAABAQDHRcyQGFgH8NAeiC9flnzeiC16PIAha3/k51y+a/IVP5GEqEHTmTETp0LHt9+Rk5s/JZ+WIyn6V+f3c6P4o9Oy0d1FfTK3K2sbpkCA36bhXYmTZGMRfhN4RChymn/Z/bNTFAQhfoxFQvmgeO7RJJcHbbIzf6GvphMK31OjWSUcT52Khxm4tLCcarkxeSej3XE3ko1MfhNYiOBbtYJKiJuePlmL1WuaHe9lAtluMO+NjZ/cf7oXikcHKndBccKnqQXvlnH/y2fkeUhWUze5A4o4nsQUww/Mgwu9MrCP0lb4s+nR2SXp6dKlMUpqJGeX5N7cuaZmXX9pSlCRdxJwtJ4n root@ubuntu-xenial
-----END SSH HOST KEY KEYS-----
[   13.068387] cloud-init[1337]: Cloud-init v. 18.5-45-g3554ffe8-0ubuntu1~16.04.1 running 'modules:final' at Mon, 13 May 2019 14:54:19 +0000. Up 12.92 seconds.
[   13.069810] cloud-init[1337]: ci-info: no authorized ssh keys fingerprints found for user ubuntu.
[   13.070953] cloud-init[1337]: Cloud-init v. 18.5-45-g3554ffe8-0ubuntu1~16.04.1 finished at Mon, 13 May 2019 14:54:20 +0000. Datasource DataSourceNoCloud [seed=/dev/sdb][dsmode=net].  Up 13.06 seconds

Ubuntu 16.04.6 LTS ubuntu-xenial ttyS0

ubuntu-xenial login: 