[   0.000000] Initializing cgroup subsys cpuset
[    0.000000] Initializing cgroup subsys cpu
[    0.000000] Initializing cgroup subsys cpuacct
[    0.000000] Linux version 4.4.0-134-generic (buildd@lgw01-amd64-033) (gcc version 5.4.0 20160609 (Ubuntu 5.4.0-6ubuntu1~16.04.10) ) #160-Ubuntu SMP Wed Aug 15 14:58:00 UTC 2018 (Ubuntu 4.4.0-134.160-generic 4.4.140)
[    0.000000] Command line: BOOT_IMAGE=/boot/vmlinuz-4.4.0-134-generic root=LABEL=cloudimg-rootfs ro console=tty1 console=ttyS0
[    0.000000] KERNEL supported cpus:
[    0.000000]   Intel GenuineIntel
[    0.000000]   AMD AuthenticAMD
[    0.000000]   Centaur CentaurHauls
[    0.000000] x86/fpu: xstate_offset[2]:  576, xstate_sizes[2]:  256
[    0.000000] x86/fpu: Supporting XSAVE feature 0x01: 'x87 floating point registers'
[    0.000000] x86/fpu: Supporting XSAVE feature 0x02: 'SSE registers'
[    0.000000] x86/fpu: Supporting XSAVE feature 0x04: 'AVX registers'
[    0.000000] x86/fpu: Enabled xstate features 0x7, context size is 832 bytes, using 'standard' format.
[    0.000000] e820: BIOS-provided physical RAM map:
[    0.000000] BIOS-e820: [mem 0x0000000000000000-0x000000000009fbff] usable
[    0.000000] BIOS-e820: [mem 0x000000000009fc00-0x000000000009ffff] reserved
[    0.000000] BIOS-e820: [mem 0x00000000000f0000-0x00000000000fffff] reserved
[    0.000000] BIOS-e820: [mem 0x0000000000100000-0x000000003ffeffff] usable
[    0.000000] BIOS-e820: [mem 0x000000003fff0000-0x000000003fffffff] ACPI data
[    0.000000] BIOS-e820: [mem 0x00000000fec00000-0x00000000fec00fff] reserved
[    0.000000] BIOS-e820: [mem 0x00000000fee00000-0x00000000fee00fff] reserved
[    0.000000] BIOS-e820: [mem 0x00000000fffc0000-0x00000000ffffffff] reserved
[    0.000000] NX (Execute Disable) protection: active
[    0.000000] SMBIOS 2.5 present.
[    0.000000] Hypervisor detected: KVM
[    0.000000] e820: last_pfn = 0x3fff0 max_arch_pfn = 0x400000000
[    0.000000] MTRR: Disabled
[    0.000000] x86/PAT: MTRRs disabled, skipping PAT initialization too.
[    0.000000] CPU MTRRs all blank - virtualized system.
[    0.000000] x86/PAT: Configuration [0-7]: WB  WT  UC- UC  WB  WT  UC- UC  
[    0.000000] found SMP MP-table at [mem 0x0009fff0-0x0009ffff] mapped at [ffff88000009fff0]
[    0.000000] Scanning 1 areas for low memory corruption
[    0.000000] RAMDISK: [mem 0x3630c000-0x3717dfff]
[    0.000000] ACPI: Early table checksum verification disabled
[    0.000000] ACPI: RSDP 0x00000000000E0000 000024 (v02 VBOX  )
[    0.000000] ACPI: XSDT 0x000000003FFF0030 00003C (v01 VBOX   VBOXXSDT 00000001 ASL  00000061)
[    0.000000] ACPI: FACP 0x000000003FFF00F0 0000F4 (v04 VBOX   VBOXFACP 00000001 ASL  00000061)
[    0.000000] ACPI: DSDT 0x000000003FFF0470 0021FF (v02 VBOX   VBOXBIOS 00000002 INTL 20180105)
[    0.000000] ACPI: FACS 0x000000003FFF0200 000040
[    0.000000] ACPI: FACS 0x000000003FFF0200 000040
[    0.000000] ACPI: APIC 0x000000003FFF0240 00005C (v02 VBOX   VBOXAPIC 00000001 ASL  00000061)
[    0.000000] ACPI: SSDT 0x000000003FFF02A0 0001CC (v01 VBOX   VBOXCPUT 00000002 INTL 20180105)
[    0.000000] No NUMA configuration found
[    0.000000] Faking a node at [mem 0x0000000000000000-0x000000003ffeffff]
[    0.000000] NODE_DATA(0) allocated [mem 0x3ffeb000-0x3ffeffff]
[    0.000000] kvm-clock: Using msrs 4b564d01 and 4b564d00
[    0.000000] kvm-clock: cpu 0, msr 0:3ffe3001, primary cpu clock
[    0.000000] kvm-clock: using sched offset of 3076872625 cycles
[    0.000000] clocksource: kvm-clock: mask: 0xffffffffffffffff max_cycles: 0x1cd42e4dffb, max_idle_ns: 881590591483 ns
[    0.000000] Zone ranges:
[    0.000000]   DMA      [mem 0x0000000000001000-0x0000000000ffffff]
[    0.000000]   DMA32    [mem 0x0000000001000000-0x000000003ffeffff]
[    0.000000]   Normal   empty
[    0.000000]   Device   empty
[    0.000000] Movable zone start for eah node[  0000000] ar memry node ranges
[   0000]   node   0: [mem 0x0000000000001000-0x000000000009efff]
[    0.000000]   node   0: [mem 0x0000000000100000-0x000000003ffeffff]
[    0.000000] Initmem setup node 0 [mem 0x0000000000001000-0x000000003ffeffff]
[    0.000000] ACPI: PM-Timer IO Port: 0x4008
[    0.000000] IOAPIC[0]: apic_id 2, version 32, address 0xfec00000, GSI 0-23
[    0.000000] ACPI: INT_SRC_OVR (bus 0 bus_irq 0 global_irq 2 dfl dfl)
[    0.000000] ACPI: INT_SRC_OVR (bus 0 bus_irq 9 global_irq 9 low level)
[    0.000000] Using ACPI (MADT) for SMP configuration information
[    0.000000] smpboot: Allowing 2 CPUs, 0 hotplug CPUs
[    0.000000] PM: Registered nosave memory: [mem 0x00000000-0x00000fff]
[    0.000000] PM: Registered nosave memory: [mem 0x0009f000-0x0009ffff]
[    0.000000] PM: Registered nosave memory: [mem 0x000a0000-0x000effff]
[    0.000000] PM: Registered nosave memory: [mem 0x000f0000-0x000fffff]
[    0.000000] e820: [mem 0x40000000-0xfebfffff] available for PCI devices
[    0.000000] Booting paravirtualized kernel on KVM
[    0.000000] clocksource: refined-jiffies: mask: 0xffffffff max_cycles: 0xffffffff, max_idle_ns: 7645519600211568 ns
[    0.000000] setup_percpu: NR_CPUS:512 nr_cpumask_bits:512 nr_cpu_ids:2 nr_node_ids:1
[    0.000000] PERCPU: Embedded 34 pages/cpu @ffff88003fc00000 s99544 r8192 d31528 u1048576
[    0.000000] PV qspinlock hash table entries: 256 (order: 0, 4096 bytes)
[    0.000000] Built 1 zonelists in Node order, mobility grouping on.  Total pages: 257912
[    0.000000] Policy zone: DMA32
[    0.000000] Kernel command line: BOOT_IMAGE=/boot/vmlinuz-4.4.0-134-generic root=LABEL=cloudimg-rootfs ro console=tty1 console=ttyS0
[    0.000000] PID hash table entries: 4096 (order: 3, 32768 bytes)
[    0.000000] Memory: 997724K/1048120K available (8554K kernel code, 1314K rwdata, 4004K rodata, 1516K init, 1316K bss, 50396K reserved, 0K cma-reserved)
[    0.000000] SLUB: HWalign=64, Order=0-3, MinObjects=0, CPUs=2, Nodes=1
[    0.000000] Kernel/User page tables isolation: enabled
[    0.000000] Hierarchical RCU implementation.
[    0.000000] 	Build-time adjustment of leaf fanout to 64.
[    0.000000] 	RCU restricting CPUs from NR_CPUS=512 to nr_cpu_ids=2.
[    0.000000] RCU: Adjusting geometry for rcu_fanout_leaf=64, nr_cpu_ids=2
[    0.000000] NR_IRQS:33024 nr_irqs:440 16
[    0.000000] Console: colour VGA+ 80x25
[    0.000000] console [tty1] enabled
[    0.000000] console [ttyS0] enabled
[    0.000000] tsc: Detected 2207.958 MHz processor
[    0.314825] Calibrating delay loop (skipped) preset value.. 4415.91 BogoMIPS (lpj=8831832)
[    0.316175] pid_max: default: 32768 minimum: 301
[    0.316902] ACPI: Core revision 20150930
[    0.318355] ACPI: 2 ACPI AML tables successfully acquired and loaded
[    0.319397] Security Framework initialized
[    0.320069] Yama: becoming mindful.
[    0.320679] AppArmor: AppArmor initialized
[    0.321406] Dentry cache hash table entries: 131072 (order: 8, 1048576 bytes)
[    0.328242] Inode-cache hash table entries: 65536 (order: 7, 524288 bytes)
[    0.329335] Mount-cache hash table entries: 2048 (order: 2, 16384 bytes)
[    0.330310] Mountpoint-cache hash table entries: 2048 (order: 2, 16384 bytes)
[    0.331432] Initializing cgroup subsys io
[    0.332111] Initializing cgroup subsys memory
[    0.332809] Initializing cgroup subsys devices
[    0.333511] Initializing cgroup subsys freezer
[    0.334224] Initializing cgroup subsys net_cls
[    0.334927] Initializing cgroup subsys perf_event
[    0.335660] Initializing cgroup subsys net_prio
[    0.341666] Initializing cgroup subsys hugetlb
[    0.342378] Initializing cgroup subsys pids
[    0.344679] mce: CPU supports 0 MCE banks
[    0.345354] Last level iTLB entries: 4KB 64, 2MB 8, 4MB 8
[    0.346164] Last level dTLB entries: 4KB 64, 2MB 0, 4MB 0, 1GB 4
[    0.347062] Spectre V2 : Mitigation: Full generic retpoline
[    0.347891] Spectre V2 : Speculation control IBPB not-supported IBRS not-supported
[    0.348933] Spectre V2 : Filling RSB on context switch
[    0.349938] Speculative Store Bypass: Vulnerable
[    0.352700] Freeing SMP alternatives memory: 32K
[    0.360054] ftrace: allocating 32266 entries in 127 pages
[    0.408114] smpboot: APIC(0) Converting physical 0 to logical package 0
[    0.409112] smpboot: Max logical packages: 1
[    0.410033] x2apic enabled
[    0.410734] Switched APIC routing to physical x2apic.
[    0.412447] ..TIMER: vector=0x30 apic1=0 pin1=2 apic2=-1 pin2=-1
[    0.517986] smpboot: CPU0: Intel(R) Core(TM) i5-7260U CPU @ 2.20GHz (family: 0x6, model: 0x8e, stepping: 0x9)
[    0.519698] Performance Events: unsupported p6 CPU model 142 no PMU driver, software events only.
[    0.521201] KVM setup paravirtual spinlock
[    0.522487] x86: Booting SMP configuration:
[    0.523181] .... node  #0, CPUs:      #1
[    0.523912] kvm-clock: cpu 1, msr 0:3ffe3041, secondary cpu clock
[    0.527356] mce: CPU supports 0 MCE banks
[    0.529817] x86: Booted up 1 node, 2 CPUs
[    0.644526] smpboot: Total of 2 processors activated (8831.83 BogoMIPS)
[    0.785814] devtmpfs: initialized
[    0.787521] evm: security.selinux
[    0.788113] evm: security.SMACK64
[    0.788708] evm: security.SMACK64EXEC
[    0.789343] evm: security.SMACK64TRANSMUTE
[    0.790033] evm: security.SMACK64MMAP
[    0.790667] evm: security.ima
[    0.791220] evm: security.capability
[    0.792027] clocksource: jiffies: mask: 0xffffffff max_cycles: 0xffffffff, max_idle_ns: 7645041785100000 ns
[    0.793530] futex hash table entries: 512 (order: 3, 32768 bytes)
[    0.794575] pinctrl core: initialized pinctrl subsystem
[    0.803057] RTC time: 14:59:06, date: 05/13/19
[    0.854296] NET: Registered protocol family 16
[    0.890341] cpuidle: using governor ladder
[    0.902369] cpuidle: using governor menu
[    0.902970] PCCT header not found.
[    0.903559] ACPI: bus type PCI registered
[    0.904159] acpiphp: ACPI Hot Plug PCI Controller Driver version: 0.5
[    0.905067] PCI: Using configuration type 1 for base access
[    0.918842] ACPI: Added _OSI(Module Device)
[    0.919465] ACPI: Added _OSI(Processor Device)
[    0.920106] ACPI: Added _OSI(3.0 _SCP Extensions)
[    0.920761] ACPI: Added _OSI(Processor Aggregator Device)
[    0.922036] ACPI: Executed 1 blocks of module-level executable AML code
[    0.924592] ACPI: Interpreter enabled
[    0.925166] ACPI: (supports S0 S5)
[    0.925700] ACPI: Using IOAPIC for interrupt routing
[    0.926511] PCI: Using host bridge windows from ACPI; if necessary, use "pci=nocrs" and report a bug
[    0.930482] ACPI: PCI Root Bridge [PCI0] (domain 0000 [bus 00-ff])
[    0.931284] acpi PNP0A03:00: _OSC: OS supports [ASPM ClockPM Segments MSI]
[    0.932167] acpi PNP0A03:00: _OSC: not requesting OS control; OS requires [ExtendedConfig ASPM ClockPM MSI]
[    0.933468] acpi PNP0A03:00: fail to add MMCONFIG information, can't access extended PCI configuration space under this bridge.
[    0.935135] PCI host bridge to bus 0000:00
[    0.935739] pci_bus 0000:00: root bus resource [io  0x0000-0x0cf7 window]
[    0.936603] pci_bus 0000:00: root bus resource [io  0x0d00-0xffff window]
[    0.937458] pci_bus 0000:00: root bus resource [mem 0x000a0000-0x000bffff window]
[    0.938547] pci_bus 0000:00: root bus resource [mem 0x40000000-0xfdffffff window]
[    0.939638] pci_bus 0000:00: root bus resource [bus 00-ff]
[    0.941488] pci 0000:00:01.1: legacy IDE quirk: reg 0x10: [io  0x01f0-0x01f7]
[    0.942386] pci 0000:00:01.1: legacy IDE quirk: reg 0x14: [io  0x03f6]
[    0.943220] pci 0000:00:01.1: legacy IDE quirk: reg 0x18: [io  0x0170-0x0177]
[    0.944116] pci 0000:00:01.1: legacy IDE quirk: reg 0x1c: [io  0x0376]
[    0.956334] pci 0000:00:07.0: quirk: [io  0x4000-0x403f] claimed by PIIX4 ACPI
[    0.965195] pci 0000:00:07.0: quirk: [io  0x4100-0x410f] claimed by PIIX4 SMB
[    0.973218] ACPI: PCI Interrupt Link [LNKA] (IRQs 5 9 10 *11)
[    0.974521] ACPI: PCI Interrupt Link [LNKB] (IRQs 5 9 *10 11)
[    0.975640] ACPI: PCI Interrupt Link [LNKC] (IRQs 5 *9 10 11)
[    0.976755] ACPI: PCI Interrupt Link [LNKD] (IRQs 5 9 10 *11)
[    0.977926] ACPI: Enabled 2 GPEs in block 00 to 07
[    0.978954] vgaarb: setting as boot device: PCI:0000:00:02.0
[    0.979708] vgaarb: device added: PCI:0000:00:02.0,decodes=io+mem,owns=io+mem,locks=none
[    0.980876] vgaarb: loaded
[    0.981340] vgaarb: bridge control possible 0000:00:02.0
[    0.982263] SCSI subsystem initialized
[    0.982963] ACPI: bus type USB registered
[    0.983575] usbcore: registered new interface driver usbfs
[    0.984316] usbcore: registered new interface driver hub
[    0.985045] usbcore: registered new device driver usb
[    0.986261] PCI: Using ACPI for IRQ routing
[    0.987093] NetLabel: Initializing
[    0.987627] NetLabel:  domain hash size = 128
[    0.988255] NetLabel:  protocols = UNLABELED CIPSOv4
[    0.988948] NetLabel:  unlabeled traffic allowed by default
[    0.989832] amd_nb: Cannot enumerate AMD northbridges
[    0.990561] clocksource: Switched to clocksource kvm-clock
[    0.996525] AppArmor: AppArmor Filesystem Enabled
[    0.997264] pnp: PnP ACPI init
[    0.998322] pnp: PnP ACPI: found 3 devices
[    1.006545] clocksource: acpi_pm: mask: 0xffffff max_cycles: 0xffffff, max_idle_ns: 2085701024 ns
[    1.007805] NET: Registered protocol family 2
[    1.008574] TCP established hash table entries: 8192 (order: 4, 65536 bytes)
[    1.009468] TCP bind hash table entries: 8192 (order: 5, 131072 bytes)
[    1.010311] TCP: Hash tables configured (established 8192 bind 8192)
[    1.011148] UDP hash table entries: 512 (order: 2, 16384 bytes)
[    1.011922] UDP-Lite hash table entries: 512 (order: 2, 16384 bytes)
[    1.012764] NET: Registered protocol family 1
[    1.013400] pci 0000:00:00.0: Limiting direct PCI/PCI transfers
[    1.014185] pci 0000:00:01.0: Activating ISA DMA hang workarounds
[    1.015084] Unpacking initramfs...
[    1.187743] Freeing initrd memory: 14792K
[    1.195888] platform rtc_cmos: registered platform RTC device (no PNP device found)
[    1.197186] Scanning for low memory corruption every 60 seconds
[    1.198459] audit: initializing netlink subsys (disabled)
[    1.199338] audit: type=2000 audit(1557759551.202:1): initialized
[    1.200475] Initialise system trusted keyring
[    1.201414] HugeTLB registered 2 MB page size, pre-allocated 0 pages
[    1.203468] zbud: loaded
[    1.204329] VFS: Disk quotas dquot_6.6.0
[    1.205026] VFS: Dquot-cache hash table entries: 512 (order 0, 4096 bytes)
[    1.206249] squashfs: version 4.0 (2009/01/31) Phillip Lougher
[    1.207404] fuse init (API version 7.23)
[    1.208177] Key type big_key registered
[    1.208858] Allocating IMA MOK and blacklist keyrings.
[    1.210595] Key type asymmetric registered
[    1.211287] Asymmetric key parser 'x509' registered
[    1.212099] Block layer SCSI generic (bsg) driver version 0.4 loaded (major 249)
[    1.213431] io scheduler noop registered
[    1.214097] io scheduler deadline registered (default)
[    1.214938] io scheduler cfq registered
[    1.215667] pci_hotplug: PCI Hot Plug PCI Core version: 0.5
[    1.216537] pciehp: PCI Express Hot Plug Controller Driver version: 0.4
[    1.217607] ACPI: AC Adapter [AC] (on-line)
[    1.218344] input: Power Button as /devices/LNXSYSTM:00/LNXPWRBN:00/input/input0
[    1.219587] ACPI: Power Button [PWRF]
[    1.220271] input: Sleep Button as /devices/LNXSYSTM:00/LNXSLPBN:00/input/input1
[    1.221500] ACPI: Sleep Button [SLPF]
[    1.222293] GHES: HEST is not enabled!
[    1.223059] Serial: 8250/16550 driver, 32 ports, IRQ sharing enabled
[    1.245360] 00:02: ttyS0 at I/O 0x3f8 (irq = 4, base_baud = 115200) is a 16550A
[    1.247440] Linux agpgart interface v0.103
[    1.249638] loop: module loaded
[    1.250728] scsi host0: ata_piix
[    1.251442] scsi host1: ata_piix
[    1.252075] ata1: PATA max UDMA/33 cmd 0x1f0 ctl 0x3f6 bmdma 0xd000 irq 14
[    1.253096] ata2: PAT  max UDMA/33 cmd 0x170 ctl 0x376 bmdma 0xd008 irq 15
[    1.298882] libphy: Fixed MDIO Bus: probed
[    1.299513] tun: Universal TUN/TAP device driver, 1.6
[    1.300214] tun: (C) 1999-2004 Max Krasnyansky <maxk@qualcomm.com>
[    1.301064] PPP generic driver version 2.4.2
[    1.301733] ehci_hcd: USB 2.0 'Enhanced' Host Controller (EHCI) Driver
[    1.302587] ehci-pci: EHCI PCI platform driver
[    1.303261] ehci-platform: EHCI generic platform driver
[    1.303990] ohci_hcd: USB 1.1 'Open' Host Controller (OHCI) Driver
[    1.304800] ohci-pci: OHCI PCI platform driver
[    1.305482] ohci-platform: OHCI generic platform driver
[    1.306250] uhci_hcd: USB Universal Host Controller Interface driver
[    1.307463] i8042: PNP: PS/2 Controller [PNP0303:PS2K,PNP0f03:PS2M] at 0x60,0x64 irq 1,12
[    1.309116] serio: i8042 KBD port at 0x60,0x64 irq 1
[    1.309811] serio: i8042 AUX port at 0x60,0x64 irq 12
[    1.310602] mousedev: PS/2 mouse device common for all mice
[    1.311714] input: AT Translated Set 2 keyboard as /devices/platform/i8042/serio0/input/input2
[    1.313060] rtc_cmos rtc_cmos: rtc core: registered rtc_cmos as rtc0
[    1.313929] rtc_cmos rtc_cmos: alarms up to one day, 114 bytes nvram
[    1.314759] i2c /dev entries driver
[    1.315373] device-mapper: uevent: version 1.0.3
[    1.316084] device-mapper: ioctl: 4.34.0-ioctl (2015-10-28) initialised: dm-devel@redhat.com
[    1.317319] ledtrig-cpu: registered to indicate activity on CPUs
[    1.318414] NET: Registered protocol family 10
[    1.319219] NET: Registered protocol family 17
[    1.319871] Key type dns_resolver registered
[    1.320682] registered taskstats version 1
[    1.321300] Loading compiled-in X.509 certificates
[    1.322448] Loaded X.509 cert 'Build time autogenerated kernel key: 4eb3d024ac16f76c1747ffd474694c84db21038b'
[    1.323810] zswap: loaded using pool lzo/zbud
[    1.325854] Key type trusted registered
[    1.328852] Key type encrypted registered
[    1.329464] AppArmor: AppArmor sha1 policy hashing enabled
[    1.330205] ima: No TPM chip found, activating TPM-bypass!
[    1.330970] ima: Allocated hash algorithm: sha1
[    1.331628] evm: HMAC attrs: 0x1
[    1.332397]   Magic number: 3:896:990
[    1.332965]   hash matches /build/linux-osVS4h/linux-4.4.0/drivers/base/power/main.c:644
[    1.334188] rtc_cmos rtc_cmos: setting system clock to 2019-05-13 14:59:07 UTC (1557759547)
[    1.335481] BIOS EDD facility v0.16 2004-Jun-25, 0 devices found
[    1.336280] EDD information not available.
[    1.457895] Freeing unused kernel memory: 1516K
[    1.477157] Write protecting the kernel read-only data: 14336k
[    1.480767] Freeing unused kernel memory: 1672K
[    1.483389] Freeing unused kernel memory: 92K
Loading, please wait...
starting version[    1.507138] random: systemd-udevd: uninitialized urandom read (16 bytes read, 3 bits of entropy available)
 229
[    1.508258] random: udevadm: uninitialized urandom read (16 bytes read, 3 bits of entropy available)
[    1.508287] random: udevadm: uninitialized urandom read (16 bytes read, 3 bits of entropy available)
[    1.520681] random: udevadm: uninitialized urandom read (16 bytes read, 3 bits of entropy available)
[    1.520752] random: udevadm: uninitialized urandom read (16 bytes read, 3 bits of entropy available)
[    1.520968] random: udevadm: uninitialized urandom read (16 bytes read, 3 bits of entropy available)
[    1.521049] random: udevadm: uninitialized urandom read (16 bytes read, 3 bits of entropy available)
[    1.521126] random: udevadm: uninitialized urandom read (16 bytes read, 3 bits of entropy available)
[    1.521207] random: udevadm: uninitialized urandom read (16 bytes read, 3 bits of entropy available)
[    1.521282] random: udevadm: uninitialized urandom read (16 bytes read, 3 bits of entropy available)
[    1.571170] e1000: Intel(R) PRO/1000 Network Driver - version 7.3.21-k8-NAPI
[    1.576819] e1000: Copyright (c) 1999-2006 Intel Corporation.
[    1.579667] Fusion MPT base driver 3.04.20
[    1.580826] Copyright (c) 1999-2008 LSI Corporation
[    1.592512] AVX2 version of gcm_enc/dec engaged.
[    1.594607] AES CTR mode by8 optimization enabled
[    1.608027] Fusion MPT SPI Host driver 3.04.20
[    1.793798] input: ImExPS/2 Generic Explorer Mouse as /devices/platform/i8042/serio1/input/input4
[    2.050513] e1000 0000:00:03.0 eth0: (PCI:33MHz:32-bit) 02:93:23:4d:82:b3
[    2.051583] e1000 0000:00:03.0 eth0: Intel(R) PRO/1000 Network Connection
[    2.053188] mptbase: ioc0: Initiating bringup
[    2.115402] ioc0: LSI53C1030 A0: Capabilities={Initiator}
[    2.194943] tsc: Refined TSC clocksource calibration: 2208.426 MHz
[    2.199152] clocksource: tsc: mask: 0xffffffffffffffff max_cycles: 0x1fd54a8cccf, max_idle_ns: 440795226794 ns
[    2.286950] scsi host2: ioc0: LSI53C1030 A0, FwRev=00000000h, Ports=1, MaxQ=256, IRQ=20
[    2.402815] scsi 2:0:0:0: Direct-Access     VBOX     HARDDISK         1.0  PQ: 0 ANSI: 5
[    2.404025] scsi target2:0:0: Beginning Domain Validation
[    2.405415] scsi target2:0:0: Domain Validation skipping write tests
[    2.406231] scsi target2:0:0: Ending Domain Validation
[    2.406970] scsi target2:0:0: asynchronous
[    2.407799] scsi 2:0:1:0: Direct-Access     VBOX     HARDDISK         1.0  PQ: 0 ANSI: 5
[    2.414417] scsi target2:0:1: Beginning Domain Validation
[    2.415730] scsi target2:0:1: Domain Validation skipping write tests
[    2.416551] scsi target2:0:1: Ending Domain Validation
[    2.417271] scsi target2:0:1: asynchronous
[    2.428965] sd 2:0:0:0: Attached scsi generic sg0 type 0
[    2.429717] sd 2:0:0:0: [sda] 20971520 512-byte logical blocks: (10.7 GB/10.0 GiB)
[    2.431399] sd 2:0:1:0: [sdb] 20480 512-byte logical blocks: (10.5 MB/10.0 MiB)
[    2.433783] sd 2:0:1:0: Attached scsi generic sg1 type 0
[    2.434746] sd 2:0:0:0: [sda] Write Protect is off
[    2.435493] sd 2:0:1:0: [sdb] Write Protect is off
[    2.436247] sd 2:0:0:0: [sda] Incomplete mode parameter data
[    2.437047] sd 2:0:0:0: [sda] Assuming drive cache: write through
[    2.437911] sd 2:0:1:0: [sdb] Incomplete mode parameter data
[    2.438723] sd 2:0:1:0: [sdb] Assuming drive cache: write through
[    2.440484]  sda: sda1
[    2.441623] sd 2:0:0:0: [sda] Attached SCSI disk
[    2.442372] sd 2:0:1:0: [sdb] Attached SCSI disk
[    2.733835] e1000 0000:00:08.0 eth1: (PCI:33MHz:32-bit) 08:00:27:9e:60:08
[    2.734867] e1000 0000:00:08.0 eth1: Intel(R) PRO/1000 Network Connection
[    2.886372] e1000 0000:00:03.0 enp0s3: renamed from eth0
[    2.905682] e1000 0000:00:08.0 enp0s8: renamed from eth1
Begin: Loading essential drivers ... [    4.211162] md: linear personality registered for level -1
[    4.297913] md: multipath personality registered for level -4
[    4.300796] md: raid0 personality registered for level 0
[    4.303881] md: raid1 personality registered for level 1
[    4.374626] raid6: sse2x1   gen() 11882 MB/s
[    4.442579] raid6: sse2x1   xor()  8796 MB/s
[    4.512486] raid6: sse2x2   gen() 14117 MB/s
[    4.587064] raid6: sse2x2   xor() 10096 MB/s
[    4.654579] raid6: sse2x4   gen() 15426 MB/s
[    4.722576] raid6: sse2x4   xor() 11293 MB/s
[    4.790578] raid6: avx2x1   gen() 23604 MB/s
[    4.858587] raid6: avx2x2   gen() 26910 MB/s
[    4.926579] raid6: avx2x4   gen() 29511 MB/s
[    4.927309] raid6: using algorithm avx2x4 gen() 29511 MB/s
[    4.928150] raid6: using avx2x2 recovery algorithm
[    4.929985] xor: automatically using best checksumming function:
[    4.978914]    avx       : 62748.000 MB/sec
[    5.019436] async_tx: api initialized (async)
[    5.026780] md: raid6 personality registered for level 6
[    5.027596] md: raid5 personality registered for level 5
[    5.028319] md: raid4 personality registered for level 4
[    5.033064] md: raid10 personality registered for level 10
done.
Begin: Running /scripts/init-premount ... done.
Begin: Mounting root file system ... Begin: Running /scripts/local-top ... done.
Begin: Running /scripts/local-premount ... [    5.057407] Btrfs loaded
Scanning for Btrfs filesystems
done.
Warning: fsck not present, so skipping root file system
[    5.160524] EXT4-fs (sda1): mounted filesystem with ordered data mode. Opts: (null)
done.
Begin: Running /scripts/local-bottom ... done.
Begin: Running /scripts/init-bottom ... done.
[    5.296763] systemd[1]: systemd 229 running in system mode. (+PAM +AUDIT +SELINUX +IMA +APPARMOR +SMACK +SYSVINIT +UTMP +LIBCRYPTSETUP +GCRYPT +GNUTLS +ACL +XZ -LZ4 +SECCOMP +BLKID +ELFUTILS +KMOD -IDN)
[    5.447182] systemd[1]: Detected virtualization oracle.
[    5.447901] systemd[1]: Detected architecture x86-64.

Welcome to [1mUbuntu 16.04.5 LTS[0m!

[    5.499732] systemd[1]: Set hostname to <ubuntu>.
[    5.539933] systemd[1]: Initializing machine ID from random generator.
[    5.540985] systemd[1]: Installed transient /etc/machine-id file.
[    5.659871] systemd[1]: Listening on LVM2 metadata daemon socket.
[[0;32m  OK  [0m] Listening on LVM2 metadata daemon socket.
[    5.661661] systemd[1]: Created slice System Slice.
[[0;32m  OK  [0m] Created slice System Slice.
[    5.663091] systemd[1]: Listening on Journal Socket (/dev/log).
[[0;32m  OK  [0m] Listening on Journal Socket (/dev/log).
[    5.664639] systemd[1]: Reached target User and Group Name Lookups.
[[0;32m  OK  [0m] Reached target User and Group Name Lookups.
[    5.716217] systemd[1]: Reached target Encrypted Volumes.
[[0;32m  OK  [0m] Reached target Encrypted Volumes.
[    5.717679] systemd[1]: Listening on Device-mapper event daemon FIFOs.
[[0;32m  OK  [0m] Listening on Device-mapper event daemon FIFOs.
[    5.719555] systemd[1]: Created slice system-serial\x2dgetty.slice.
[[0;32m  OK  [0m] Created slice system-serial\x2dgetty.slice.
[    5.721214] systemd[1]: Started Forward Password Requests to Wall Directory Watch.
[[0;32m  OK  [0m] Started Forward Password Requests to Wall Directory Watch.
[    5.723249] systemd[1]: Reached target Swap.
[[0;32m  OK  [0m] Reached target Swap.
[    5.724522] systemd[1]: Listening on udev Control Socket.
[[0;32m  OK  [0m] Listening on udev Control Socket.
[    5.727149] systemd[1]: Listening on Journal Socket.
[[0;32m  OK  [0m] Listening on Journal Socket.
[    5.743034] systemd[1]: Starting Remount Root and Kernel File Systems...
[    5.747993] EXT4-fs (sda1): re-mounted. Opts: (null)
         Starting Remount Root and Kernel File Systems...
[    5.754941] systemd[1]: Starting Monitoring of LVM2 mirrors, snapshots etc. using dmeventd or progress polling...
         Starting Monitoring of LVM2 mirrors... dmeventd or progress polling...
[    5.782997] systemd[1]: Starting Set console keymap...
         Starting Set console keymap...
[    5.786567] systemd[1]: Starting Nameserver information manager...
         Starting Nameserver information manager...
[    5.800727] systemd[1]: Starting Create list of required static device nodes for the current kernel...
         Starting Create list of required st... nodes for the current kernel...
[    5.803250] systemd[1]: Set up automount Arbitrary Executable File Formats File System Automount Point.
[[0;32m  OK  [0m] Set up automount Arbitrary Executab...ats File System Automount Point.
[    5.817266] systemd[1]: Listening on Syslog Socket.
[[0;32m  OK  [0m] Listening on Syslog Socket.
[    5.819871] systemd[1]: Starting Uncomplicated firewall...
         Starting Uncomplicated firewall...
[    5.828948] systemd[1]: Listening on udev Kernel Socket.
[[0;32m  OK  [0m] Listening on udev Kernel Socket.
[    5.830927] systemd[1]: Mounting Huge Pages File System...
         Mounting Huge Pages File System...
[    5.832844] systemd[1]: Mounting Debug File System...
         Mounting Debug File System...
[    5.836123] systemd[1]: Starting Load Kernel Modules...
         Starting Load Kernel Modules...
[    5.879773] systemd[1]: Listening on LVM2 poll daemon socket.
[[0;32m  OK  [0m] Listening on LVM2 poll daemon socket.
[    5.882077] systemd[1]: Created slice User and Session Slice.
[[0;32m  OK  [0m] Created slice User and Session Slice.
[    5.884115] systemd[1]: Reached target Slices.
[[0;32m  OK  [0[    5.885625] Loading iSCSI transport class v2.0-870.
m] Reached target Slices.
[    5.888084] systemd[1]: Listening on Journal Audit Socket.
[[0;32m  OK  [0m] Listening on Journal Audit Socket.
[    5.890468] systemd[1]: Starting Journal Service...
         Starting Journal Service...
[    5.892429] systemd[1]: Started Trigger resolvconf update for networkd DNS.
[[0;32m  OK  [0m] Started Trigger resolvconf update for networkd DNS.
[    5.900185] iscsi: registered transport (tcp)
[    5.915869] systemd[1]: Reached target System Time Synchronized.
[[0;32m  OK  [0m] Reached target System Time Synchronized.
[    6.038749] systemd[1]: Mounting POSIX Message Queue File System...
         Mountin[    6.040068] iscsi: registered transport (iser)
g POSIX Message Queue File System...
[    6.040904] systemd[1]: Listening on /dev/initctl Compatibility Named Pipe.
[[0;32m  OK  [0m] Listening on /dev/initctl Compatibility Named Pipe.
[    6.044064] systemd[1]: Mounted POSIX Message Queue File System.
[[0;32m  OK  [0m] Mounted POSIX Message Queue File System.
[    6.045656] systemd[1]: Mounted Debug File System.
[[0;32m  OK  [0m] Mounted Debug File System.
[    6.047078] systemd[1]: Mounted Huge Pages File System.
[[0;32m  OK  [0m] Mounted Huge Pages File System.
[    6.048583] systemd[1]: Started Journal Service.
[[0;32m  OK  [0m] Started Journal Service.
[[0;32m  OK  [0m] Started Remount Root and Kernel File Systems.
[[0;32m  OK  [0m] Started Set console keymap.
[[0;32m  OK  [0m] Started Create list of required sta...ce nodes for the current kernel.
[[0;32m  OK  [0m] Started Uncomplicated firewall.
[[0;32m  OK  [0m] Started Load Kernel Modules.
[[0;32m  OK  [0m] Started Nameserver information manager.
[[0;32m  OK  [0m] Started LVM2 metadata daemon.
[    6.104604] random: nonblocking pool is initialized
         Mounting FUSE Control File System...
         Starting Apply Kernel Variables...
         Starting Create Static Device Nodes in /dev...
         Starting udev Coldplug all Devices...
         Starting Load/Save Random Seed...
         Starting Flush Journal to Persistent Storage...
[[0;32m  OK  [0m] Mounted FUSE Control File System.
[[0;32m  OK  [0m] Started Apply Kernel Variables.
[[0;32m  OK  [0m] Started Create Static Device Nodes in /dev.
[[0;32m  OK  [0m] Started Load/Save Random Seed.
[[0;32m  OK  [0m] Started udev Coldplug all Devices.
[[0;32m  OK  [0m] Started Flush Journal to Persistent Storage.
         Starting udev Kernel Device Manager...
[[0;32m  OK  [0m] Started udev Kernel Device Manager.
[[0;32m  OK  [0m] Started Dispatch Password Requests to Console Directory Watch.
[[0;32m  OK  [0m] Found device /dev/ttyS0.
[[0;32m  OK  [0m] Listening on Load/Save RF Kill Switch Status /dev/rfkill Watch.
[[0;32m  OK  [0m] Started Monitoring of LVM2 mirrors,...ng dmeventd or progress polling.
[[0;32m  OK  [0m] Reached target Local File Systems (Pre).
[[0;32m  OK  [0m] Reached target Local File Systems.
         Starting Set console font and keymap...
         Starting Commit a transient machine-id on disk...
         Starting LSB: AppArmor initialization...
         Starting Initial cloud-init job (pre-networking)...
         Starting Tell Plymouth To Write Out Runtime Data...
         Starting Create Volatile Files and Directories...
[[0;32m  OK  [0m] Started Commit a transient machine-id on disk.
[[0;32m  OK  [0m] Started Tell Plymouth To Write Out Runtime Data.
[[0;32m  OK  [0m] Started Create Volatile Files and Directories.
         Starting Update UTMP about System Boot/Shutdown...
[[0;32m  OK  [0m] Started Update UTMP about System Boot/Shutdown.
[[0;1;31mFAILED[0m] Failed to start Set console font and keymap.
See 'systemctl status console-setup.service' for details.
[[0;32m  OK  [0m] Created slice system-getty.slice.
[[0;32m  OK  [0m] Started LSB: AppArmor initialization.
[    6.803491] cloud-init[627]: Cloud-init v. 18.3-9-g2e62cb8a-0ubuntu1~16.04.2 running 'init-local' at Mon, 13 May 2019 14:59:13 +0000. Up 6.60 seconds.
[[0;32m  OK  [0m] Started Initial cloud-init job (pre-networking).
[[0;32m  OK  [0m] Reached target Network (Pre).
         Starting Raise network interfaces...
[[0;32m  OK  [0m] Started Raise network interfaces.
[[0;32m  OK  [0m] Reached target Network.
         Starting Initial cloud-init job (metadata service crawler)...
[    7.693713] cloud-init[912]: Cloud-init v. 18.3-9-g2e62cb8a-0ubuntu1~16.04.2 running 'init' at Mon, 13 May 2019 14:59:14 +0000. Up 7.22 seconds.
[    7.744027] cloud-init[912]: ci-info: ++++++++++++++++++++++++++++++++++++++Net device info+++++++++++++++++++++++++++++++++++++++
[    7.744242] cloud-init[912]: ci-info: +--------+-------+----------------------------+---------------+--------+-------------------+
[    7.744356] cloud-init[912]: ci-info: | Device |   Up  |          Address           |      Mask     | Scope  |     Hw-Address    |
[    7.744475] cloud-init[912]: ci-info: +--------+-------+----------------------------+---------------+--------+-------------------+
[    7.744596] cloud-init[912]: ci-info: | enp0s3 |  True |         10.0.2.15          | 255.255.255.0 | global | 02:93:23:4d:82:b3 |
[    7.744717] cloud-init[912]: ci-info: | enp0s3 |  True | fe80::93:23ff:fe4d:82b3/64 |       .       |  link  | 02:93:23:4d:82:b3 |
[    7.744844] cloud-init[912]: ci-info: | enp0s8 | False |             .              |       .       |   .    | 08:00:27:9e:60:08 |
[    7.744963] cloud-init[912]: ci-info: |   lo   |  True |         127.0.0.1          |   255.0.0.0   |  host  |         .         |
[    7.745082] cloud-init[912]: ci-info: |   lo   |  True |          ::1/128           |       .       |  host  |         .         |
[    7.745203] cloud-init[912]: ci-info: +--------+-------+----------------------------+---------------+--------+-------------------+
[    7.745322] cloud-init[912]: ci-info: +++++++++++++++++++++++++++Route IPv4 info++++++++++++++++++++++++++++
[    7.745456] cloud-init[912]: ci-info: +-------+-------------+----------+---------------+-----------+-------+
[    7.745576] cloud-init[912]: ci-info: | Route | Destination | Gateway  |    Genmask    | Interface | Flags |
[    7.745694] cloud-init[912]: ci-info: +-------+-------------+----------+---------------+-----------+-------+
[    7.745815] cloud-init[912]: ci-info: |   0   |   0.0.0.0   | 10.0.2.2 |    0.0.0.0    |   enp0s3  |   UG  |
[    7.745936] cloud-init[912]: ci-info: |   1   |   10.0.2.0  | 0.0.0.0  | 255.255.255.0 |   enp0s3  |   U   |
[    7.746057] cloud-init[912]: ci-info: +-------+-------------+----------+---------------+-----------+-------+
[    7.746180] cloud-init[912]: ci-info: +++++++++++++++++++Route IPv6 info+++++++++++++++++++
[    7.746299] cloud-init[912]: ci-info: +-------+-------------+---------+-----------+-------+
[    7.746419] cloud-init[912]: ci-info: | Route | Destination | Gateway | Interface | Flags |
[    7.746541] cloud-init[912]: ci-info: +-------+-------------+---------+-----------+-------+
[    7.746662] cloud-init[912]: ci-info: |   0   |  fe80::/64  |    ::   |   enp0s3  |   U   |
[    7.746793] cloud-init[912]: ci-info: |   3   |   ff00::/8  |    ::   |   enp0s3  |   U   |
[    7.746906] cloud-init[912]: ci-info: +-------+-------------+---------+-----------+-------+
[    7.747025] cloud-init[912]: Generating public/private rsa key pair.
[    7.747149] cloud-init[912]: Your identification has been saved in /etc/ssh/ssh_host_rsa_key.
[    7.747271] cloud-init[912]: Your public key has been saved in /etc/ssh/ssh_host_rsa_key.pub.
[    7.747389] cloud-init[912]: The key fingerprint is:
[    7.747511] cloud-init[912]: SHA256:ncnGtbY6nW8hlOxz+NKPya6ytCnTL+l74GMQoG517q0 root@ubuntu-xenial
[    7.747631] cloud-init[912]: The key's randomart image is:
[    7.747751] cloud-init[912]: +---[RSA 2048]----+
[    7.747871] cloud-init[912]: |                 |
[    7.747992] cloud-init[912]: |      .          |
[    7.748138] cloud-init[912]: |     . .   ...   |
[    7.748242] cloud-init[912]: |    . . o+ ++.   |
[    7.748365] cloud-init[912]: |   . . oS.Boo.   |
[    7.748485] cloud-init[912]: |    o   o...=.o  |
[    7.748609] cloud-init[912]: |   .   . =.+.B . |
[    7.748729] cloud-init[912]: |        +.@+=.+o |
[    7.748850] cloud-init[912]: |        E*BXo**..|
[    7.748972] cloud-init[912]: +----[SHA256]-----+
[    7.749091] cloud-init[912]: Generating public/private dsa key pair.
[    7.749211] cloud-init[912]: Your identification has been saved in /etc/ssh/ssh_host_dsa_key.
[    7.749332] cloud-init[912]: Your public key has been saved in /etc/ssh/ssh_host_dsa_key.pub.
[    7.749461] cloud-init[912]: The key fingerprint is:
[    7.749581] cloud-init[912]: SHA256:9HMJgnJBP62JDzY9sZTa9rq9epmwsTL/4cmdgCplOSU root@ubuntu-xenial
[    7.749702] cloud-init[912]: The key's randomart image is:
[    7.749822] cloud-init[912]: +---[DSA 1024]----+
[    7.749944] cloud-init[912]: |     .o          |
[    7.750065] cloud-init[912]: |       + o       |
[    7.750186] cloud-init[912]: |    . o O o      |
[    7.750306] cloud-init[912]: |     oEB.O . .   |
[    7.750427] cloud-init[912]: |      *+S o o    |
[    7.750548] cloud-init[912]: |     .==o+ o     |
[    7.750670] cloud-init[912]: |     o .o=+o     |
[    7.750790] cloud-init[912]: |    . o.o=+= .   |
[    7.750915] cloud-init[912]: |     ..+==B.o    |
[    7.751033] cloud-init[912]: +----[SHA256]-----+
[    7.751154] cloud-init[912]: Generating public/private ecdsa key pair.
[    7.773592] cloud-init[912]: Your identification has been saved in /etc/ssh/ssh_host_ecdsa_key.
[    7.773796] cloud-init[912]: Your public key has been saved in /etc/ssh/ssh_host_ecdsa_key.pub.
[    7.773914] cloud-init[912]: The key fingerprint is:
[    7.774032] cloud-init[912]: SHA256:W0Cs4Mw4tucd6DuWkH1e6JetENoew/6H4zZ+DpQhdYU root@ubuntu-xenial
[    7.774160] cloud-init[912]: The key's randomart image is:
[    7.774276] cloud-init[912]: +---[ECDSA 256]---+
[    7.774398] cloud-init[912]: |       .o .o.    |
[    7.774517] cloud-init[912]: |    .  o..E      |
[    7.774637] cloud-init[912]: |   = ...o        |
[    7.774759] cloud-init[912]: |  + + .. +       |
[    7.774880] cloud-init[912]: | . = ...S .      |
[    7.775004] cloud-init[912]: |  + +++o.o       |
[    7.775122] cloud-init[912]: |   =.**oo+       |
[    7.775243] cloud-init[912]: |    *o++B.+      |
[    7.775363] cloud-init[912]: |   ..oo*=B.      |
[    7.775484] cloud-init[912]: +----[SHA256]-----+
[    7.775605] cloud-init[912]: Generating public/private ed25519 key pair.
[    7.775725] cloud-init[912]: Your identification has been saved in /etc/ssh/ssh_host_ed25519_key.
[    7.775847] cloud-init[912]: Your public key has been saved in /etc/ssh/ssh_host_ed25519_key.pub.
[    7.775969] cloud-init[912]: The key fingerprint is:
[    7.776202] cloud-init[912]: SHA256:+9Yh/4ZQ152M57BLd/Mhfbb7ux17EFkgIOn+fSNUPTI root@ubuntu-xenial
[    7.776320] cloud-init[912]: The key's randomart image is:
[    7.776440] cloud-init[912]: +--[ED25519 256]--+
[    7.776561] cloud-init[912]: |        ..... .. |
[    7.776680] cloud-init[912]: |        ..   .  .|
[    7.776941] cloud-init[912]: |       .      o=o|
[    7.777053] cloud-init[912]: |        .   .E==+|
[    7.777171] cloud-init[912]: |       .S  . oO..|
[    7.777294] cloud-init[912]: |        ..o o+.*+|
[    7.777417] cloud-init[912]: |        .. B.o++B|
[    7.777540] cloud-init[912]: |         .o *.+.*|
[    7.777658] cloud-init[912]: |         ..  =.*O|
[    7.777778] cloud-init[912]: +----[SHA256]-----+
[[0;32m  OK  [0m] Started Initial cloud-init job (metadata service crawler).
[[0;32m  OK  [0m] Reached target Network is Online.
         Starting iSCSI initiator daemon (iscsid)...
[[0;32m  OK  [0m] Reached target System Initialization.
         Starting Socket activation for snappy daemon.
[[0;32m  OK  [0m] Listening on UUID daemon activation socket.
         Starting LXD - unix socket.
[[0;32m  OK  [0m] Listening on D-Bus System Message Bus Socket.
[[0;32m  OK  [0m] Started ACPI Events Check.
[[0;32m  OK  [0m] Reached target Paths.
[[0;32m  OK  [0m] Started Daily apt download activities.
[[0;32m  OK  [0m] Started Daily apt upgrade and clean activities.
[[0;32m  OK  [0m] Started Daily Cleanup of Temporary Directories.
[[0;32m  OK  [0m] Reached target Timers.
[[0;32m  OK  [0m] Listening on ACPID Listen Socket.
[[0;32m  OK  [0m] Reached target Cloud-config availability.
[[0;32m  OK  [0m] Listening on Socket activation for snappy daemon.
[[0;32m  OK  [0m] Listening on LXD - unix socket.
[[0;32m  OK  [0m] Started iSCSI initiator daemon (iscsid).
         Starting Login to default iSCSI targets...
[[0;32m  OK  [0m] Reached target Sockets.
[[0;32m  OK  [0m] Reached target Basic System.
         Starting /etc/rc.local Compatibility...
         Starting Login Service...
[[0;32m  OK  [0m] Started D-Bus System Message Bus.
         Starting LSB: MD monitoring daemon...
         Starting LSB: Record successful boot for GRUB...
         Starting Pollinate to seed the pseudo random number generator...
         Starting System Logging Service...
         Starting Accounts Service...
[[0;32m  OK  [0m] Started Unattended Upgrades Shutdown.
[[0;32m  OK  [0m] Started Deferred execution scheduler.
[[0;32m  OK  [0m] Started Regular background program processing daemon.
[[0;32m  OK  [0m] Started FUSE filesystem for LXC.
         Starting Virtualbox guest utils...
         Starting LXD - container startup/shutdown...
[[0;32m  OK  [0m] Started ACPI event daemon.
         Starting Snappy daemon...
[[0;32m  OK  [0m] Started System Logging Service.
[[0;32m  OK  [0m] Started /etc/rc.local Compatibility.
[[0;32m  OK  [0m] Started Login to default iSCSI targets.
[[0;32m  OK  [0m] Started LSB: Record successful boot for GRUB.
[[0;32m  OK  [0m] Started LSB: MD monitoring daemon.
[[0;32m  OK  [0m] Started LXD - container startup/shutdown.
[[0;32m  OK  [0m] Started Login Service.
         Starting Authenticate and Authorize Users to Run Privileged Tasks...
[[0;32m  OK  [0m] Reached target Remote File Systems (Pre).
[[0;32m  OK  [0m] Reached target Remote File Systems.
         Starting LSB: automatic crash report generation...
         Starting LSB: daemon to balance interrupts for SMP systems...
         Starting Permit User Sessions...
         Starting LSB: Set the CPU Frequency Scaling governor to "ondemand"...
[[0;32m  OK  [0m] Started Virtualbox guest utils.
[[0;32m  OK  [0m] Started Permit User Sessions.
[[0;32m  OK  [0m] Started Authenticate and Authorize Users to Run Privileged Tasks.
[[0;32m  OK  [0m] Started Accounts Service.
         Starting Terminate Plymouth Boot Screen...
         Starting Hold until boot process finishes up...
[[0;32m  OK  [0m] Started LSB: automatic crash report generation.
[[0;32m  OK  [0m] Started LSB: daemon to balance interrupts for SMP systems.
[[0;32m  OK  [0m] Started LSB: Set the CPU Frequency Scaling governor to "ondemand".
[[0;32m  OK  [0m] Started Hold until boot process finishes up.
[[0;32m  OK  [0m] Started Terminate Plymouth Boot Screen.
[[0;32m  OK  [0m] Started Serial Getty on ttyS0.
[[0;32m  OK  [0m] Started Getty on tty1.
[[0;32m  OK  [0m] Reached target Login Prompts.
         Starting Set console scheme...
[[0;32m  OK  [0m] Started Snappy daemon.
[[0;32m  OK  [0m] Started Pollinate to seed the pseudo random number generator.
[[0;32m  OK  [0m] Started Set console scheme.
         Starting OpenBSD Secure Shell server...
         Starting Wait until snapd is fully seeded...
[[0;32m  OK  [0m] Started OpenBSD Secure Shell server.
[[0;32m  OK  [0m] Started Wait until snapd is fully seeded.
[[0;32m  OK  [0m] Reached target Multi-User System.
[[0;32m  OK  [0m] Reached target Graphical Interface.
         Starting Update UTMP about System Runlevel Changes...
         Starting Apply the settings specified in cloud-config...
[[0;32m  OK  [0m] Started Update UTMP about System Runlevel Changes.
[   11.021435] cloud-init[1230]: Generating locales (this might take a while)...
[   11.576551] cloud-init[1230]:   en_US.UTF-8... done
[   11.577572] cloud-init[1230]: Generation complete.
[[0;32m  OK  [0m] Created slice User Slice of vagrant.
         Starting User Manager for UID 1000...
[[0;32m  OK  [0m] Started Session 1 of user vagrant.
[[0;32m  OK  [0m] Started User Manager for UID 1000.
[   11.830046] cloud-init[1230]: Cloud-init v. 18.3-9-g2e62cb8a-0ubuntu1~16.04.2 running 'modules:config' at Mon, 13 May 2019 14:59:17 +0000. Up 10.92 seconds.
[[0;32m  OK  [0m] Started Apply the settings specified in cloud-config.
         Starting Execute cloud user/final scripts...
ci-info: no authorized ssh keys fingerprints found for user ubuntu.
<14>May 13 14:59:19 ec2: 
<14>May 13 14:59:19 ec2: #############################################################
<14>May 13 14:59:19 ec2: -----BEGIN SSH HOST KEY FINGERPRINTS-----
<14>May 13 14:59:19 ec2: 1024 SHA256:9HMJgnJBP62JDzY9sZTa9rq9epmwsTL/4cmdgCplOSU root@ubuntu-xenial (DSA)
<14>May 13 14:59:19 ec2: 256 SHA256:W0Cs4Mw4tucd6DuWkH1e6JetENoew/6H4zZ+DpQhdYU root@ubuntu-xenial (ECDSA)
<14>May 13 14:59:19 ec2: 256 SHA256:+9Yh/4ZQ152M57BLd/Mhfbb7ux17EFkgIOn+fSNUPTI root@ubuntu-xenial (ED25519)
<14>May 13 14:59:19 ec2: 2048 SHA256:ncnGtbY6nW8hlOxz+NKPya6ytCnTL+l74GMQoG517q0 root@ubuntu-xenial (RSA)
<14>May 13 14:59:19 ec2: -----END SSH HOST KEY FINGERPRINTS-----
<14>May 13 14:59:19 ec2: #############################################################
-----BEGIN SSH HOST KEY KEYS-----
ecdsa-sha2-nistp256 AAAAE2VjZHNhLXNoYTItbmlzdHAyNTYAAAAIbmlzdHAyNTYAAABBBOYmjdVHDGkjr/UmV6/YFDg7LR+MhzdB1mH8g7jGQ5+dUX0TP6Z1hQvFjXo8NJl1RCeBlpVhlntrizVGlWueG2I= root@ubuntu-xenial
ssh-ed25519 AAAAC3NzaC1lZDI1NTE5AAAAIJlPXsIvNe0KIALcFk08W5uC12+4inVTUkk8HiRmER++ root@ubuntu-xenial
ssh-rsa AAAAB3NzaC1yc2EAAAADAQABAAABAQC5eT/cEkD753+TOkWbqSiPeHeNOugjYAQFuXwbjMJcugAzz/d3/O6tV6CHsOEcVx2by47LL3YL0uzM+kmwioro5g4mKIO8uvXSol1LkyR2EVxPVOGhSm9Ye8DebVQPK/SugKv3V1+bv2ZwCsJHnXV61Bb3Hh+sQGPosYDXujgoXyLRQMaCvOGcpPcFdFJywWK+k55c/xGS8FZ82PaODtEIosnjdHwHw7LqVcqcOjXndJ2X6hpCdRsy8tzs7m0tAhncqIhEnxO5HVhXvqbavasRqAcvxHNKjFwRRo+Db5MF9uOGb5f2HCFIDDH7enm5BJbHOpjGPv/6AU+vh0Gw6jQP root@ubuntu-xenial
-----END SSH HOST KEY KEYS-----
[   12.281924] cloud-init[1305]: Cloud-init v. 18.3-9-g2e62cb8a-0ubuntu1~16.04.2 running 'modules:final' at Mon, 13 May 2019 14:59:19 +0000. Up 12.08 seconds.
[   12.341426] cloud-init[1305]: ci-info: no authorized ssh keys fingerprints found for user ubuntu.
[   12.341678] cloud-init[1305]: Cloud-init v. 18.3-9-g2e62cb8a-0ubuntu1~16.04.2 finished at Mon, 13 May 2019 14:59:19 +0000. Datasource DataSourceNoCloud [seed=/dev/sdb][dsmode=net].  Up 12.27 seconds
[[0;32m  OK  [0m] Started Execute cloud user/final scripts.
[[0;32m  OK  [0m] Reached target Cloud-init target.

Ubuntu 16.04.5 LTS ubuntu-xenial ttyS0

ubuntu-xenial login: 